Archive member included to satisfy reference by file (symbol)

C:/ST/STM32CubeIDE_1.11.2/STM32CubeIDE/plugins/com.st.stm32cube.ide.mcu.externaltools.gnu-tools-for-stm32.11.3.rel1.win32_1.1.0.202305231506/tools/bin/../lib/gcc/arm-none-eabi/11.3.1/../../../../arm-none-eabi/lib/thumb/v7e-m+fp/hard\libc_nano.a(libc_a-exit.o)
                              C:/ST/STM32CubeIDE_1.11.2/STM32CubeIDE/plugins/com.st.stm32cube.ide.mcu.externaltools.gnu-tools-for-stm32.11.3.rel1.win32_1.1.0.202305231506/tools/bin/../lib/gcc/arm-none-eabi/11.3.1/../../../../arm-none-eabi/lib/thumb/v7e-m+fp/hard/crt0.o (exit)
C:/ST/STM32CubeIDE_1.11.2/STM32CubeIDE/plugins/com.st.stm32cube.ide.mcu.externaltools.gnu-tools-for-stm32.11.3.rel1.win32_1.1.0.202305231506/tools/bin/../lib/gcc/arm-none-eabi/11.3.1/../../../../arm-none-eabi/lib/thumb/v7e-m+fp/hard\libc_nano.a(libc_a-findfp.o)
                              C:/ST/STM32CubeIDE_1.11.2/STM32CubeIDE/plugins/com.st.stm32cube.ide.mcu.externaltools.gnu-tools-for-stm32.11.3.rel1.win32_1.1.0.202305231506/tools/bin/../lib/gcc/arm-none-eabi/11.3.1/../../../../arm-none-eabi/lib/thumb/v7e-m+fp/hard\libc_nano.a(libc_a-exit.o) (__stdio_exit_handler)
C:/ST/STM32CubeIDE_1.11.2/STM32CubeIDE/plugins/com.st.stm32cube.ide.mcu.externaltools.gnu-tools-for-stm32.11.3.rel1.win32_1.1.0.202305231506/tools/bin/../lib/gcc/arm-none-eabi/11.3.1/../../../../arm-none-eabi/lib/thumb/v7e-m+fp/hard\libc_nano.a(libc_a-fwalk.o)
                              C:/ST/STM32CubeIDE_1.11.2/STM32CubeIDE/plugins/com.st.stm32cube.ide.mcu.externaltools.gnu-tools-for-stm32.11.3.rel1.win32_1.1.0.202305231506/tools/bin/../lib/gcc/arm-none-eabi/11.3.1/../../../../arm-none-eabi/lib/thumb/v7e-m+fp/hard\libc_nano.a(libc_a-findfp.o) (_fwalk_sglue)
C:/ST/STM32CubeIDE_1.11.2/STM32CubeIDE/plugins/com.st.stm32cube.ide.mcu.externaltools.gnu-tools-for-stm32.11.3.rel1.win32_1.1.0.202305231506/tools/bin/../lib/gcc/arm-none-eabi/11.3.1/../../../../arm-none-eabi/lib/thumb/v7e-m+fp/hard\libc_nano.a(libc_a-stdio.o)
                              C:/ST/STM32CubeIDE_1.11.2/STM32CubeIDE/plugins/com.st.stm32cube.ide.mcu.externaltools.gnu-tools-for-stm32.11.3.rel1.win32_1.1.0.202305231506/tools/bin/../lib/gcc/arm-none-eabi/11.3.1/../../../../arm-none-eabi/lib/thumb/v7e-m+fp/hard\libc_nano.a(libc_a-findfp.o) (__sread)
C:/ST/STM32CubeIDE_1.11.2/STM32CubeIDE/plugins/com.st.stm32cube.ide.mcu.externaltools.gnu-tools-for-stm32.11.3.rel1.win32_1.1.0.202305231506/tools/bin/../lib/gcc/arm-none-eabi/11.3.1/../../../../arm-none-eabi/lib/thumb/v7e-m+fp/hard\libc_nano.a(libc_a-memset.o)
                              C:/ST/STM32CubeIDE_1.11.2/STM32CubeIDE/plugins/com.st.stm32cube.ide.mcu.externaltools.gnu-tools-for-stm32.11.3.rel1.win32_1.1.0.202305231506/tools/bin/../lib/gcc/arm-none-eabi/11.3.1/../../../../arm-none-eabi/lib/thumb/v7e-m+fp/hard/crt0.o (memset)
C:/ST/STM32CubeIDE_1.11.2/STM32CubeIDE/plugins/com.st.stm32cube.ide.mcu.externaltools.gnu-tools-for-stm32.11.3.rel1.win32_1.1.0.202305231506/tools/bin/../lib/gcc/arm-none-eabi/11.3.1/../../../../arm-none-eabi/lib/thumb/v7e-m+fp/hard\libc_nano.a(libc_a-closer.o)
                              C:/ST/STM32CubeIDE_1.11.2/STM32CubeIDE/plugins/com.st.stm32cube.ide.mcu.externaltools.gnu-tools-for-stm32.11.3.rel1.win32_1.1.0.202305231506/tools/bin/../lib/gcc/arm-none-eabi/11.3.1/../../../../arm-none-eabi/lib/thumb/v7e-m+fp/hard\libc_nano.a(libc_a-stdio.o) (_close_r)
C:/ST/STM32CubeIDE_1.11.2/STM32CubeIDE/plugins/com.st.stm32cube.ide.mcu.externaltools.gnu-tools-for-stm32.11.3.rel1.win32_1.1.0.202305231506/tools/bin/../lib/gcc/arm-none-eabi/11.3.1/../../../../arm-none-eabi/lib/thumb/v7e-m+fp/hard\libc_nano.a(libc_a-reent.o)
                              C:/ST/STM32CubeIDE_1.11.2/STM32CubeIDE/plugins/com.st.stm32cube.ide.mcu.externaltools.gnu-tools-for-stm32.11.3.rel1.win32_1.1.0.202305231506/tools/bin/../lib/gcc/arm-none-eabi/11.3.1/../../../../arm-none-eabi/lib/thumb/v7e-m+fp/hard\libc_nano.a(libc_a-closer.o) (errno)
C:/ST/STM32CubeIDE_1.11.2/STM32CubeIDE/plugins/com.st.stm32cube.ide.mcu.externaltools.gnu-tools-for-stm32.11.3.rel1.win32_1.1.0.202305231506/tools/bin/../lib/gcc/arm-none-eabi/11.3.1/../../../../arm-none-eabi/lib/thumb/v7e-m+fp/hard\libc_nano.a(libc_a-impure.o)
                              C:/ST/STM32CubeIDE_1.11.2/STM32CubeIDE/plugins/com.st.stm32cube.ide.mcu.externaltools.gnu-tools-for-stm32.11.3.rel1.win32_1.1.0.202305231506/tools/bin/../lib/gcc/arm-none-eabi/11.3.1/../../../../arm-none-eabi/lib/thumb/v7e-m+fp/hard\libc_nano.a(libc_a-reent.o) (_impure_ptr)
C:/ST/STM32CubeIDE_1.11.2/STM32CubeIDE/plugins/com.st.stm32cube.ide.mcu.externaltools.gnu-tools-for-stm32.11.3.rel1.win32_1.1.0.202305231506/tools/bin/../lib/gcc/arm-none-eabi/11.3.1/../../../../arm-none-eabi/lib/thumb/v7e-m+fp/hard\libc_nano.a(libc_a-lseekr.o)
[...]
Memory Configuration

Name             Origin             Length             Attributes
CCMRAM           0x0000000010000000 0x0000000000010000 xrw
RAM              0x0000000020000000 0x0000000000020000 xrw
FLASH            0x0000000008000000 0x0000000000100000 xr
*default*        0x0000000000000000 0xffffffffffffffff

Linker script and memory map

LOAD C:/ST/STM32CubeIDE_1.11.2/STM32CubeIDE/plugins/com.st.stm32cube.ide.mcu.externaltools.gnu-tools-for-stm32.11.3.rel1.win32_1.1.0.202305231506/tools/bin/../lib/gcc/arm-none-eabi/11.3.1/thumb/v7e-m+fp/hard/crti.o
LOAD C:/ST/STM32CubeIDE_1.11.2/STM32CubeIDE/plugins/com.st.stm32cube.ide.mcu.externaltools.gnu-tools-for-stm32.11.3.rel1.win32_1.1.0.202305231506/tools/bin/../lib/gcc/arm-none-eabi/11.3.1/thumb/v7e-m+fp/hard/crtbegin.o
LOAD C:/ST/STM32CubeIDE_1.11.2/STM32CubeIDE/plugins/com.st.stm32cube.ide.mcu.externaltools.gnu-tools-for-stm32.11.3.rel1.win32_1.1.0.202305231506/tools/bin/../lib/gcc/arm-none-eabi/11.3.1/../../../../arm-none-eabi/lib/thumb/v7e-m+fp/hard/crt0.o
LOAD ./Core/Src/dac.o
LOAD ./Core/Src/dma.o
LOAD ./Core/Src/gpio.o
LOAD ./Core/Src/main.o
LOAD ./Core/Src/myMain.o
LOAD ./Core/Src/spi.o
LOAD ./Core/Src/stm32f4xx_hal_msp.o
LOAD ./Core/Src/stm32f4xx_hal_timebase_tim.o
LOAD ./Core/Src/stm32f4xx_it.o
LOAD ./Core/Src/syscalls.o
LOAD ./Core/Src/sysmem.o
LOAD ./Core/Src/system_stm32f4xx.o
LOAD ./Core/Src/tim.o
LOAD ./Core/Startup/startup_stm32f407vgtx.o
LOAD ./Drivers/STM32F4xx_HAL_Driver/Src/stm32f4xx_hal.o
LOAD ./Drivers/STM32F4xx_HAL_Driver/Src/stm32f4xx_hal_cortex.o
LOAD ./Drivers/STM32F4xx_HAL_Driver/Src/stm32f4xx_hal_dac.o
LOAD ./Drivers/STM32F4xx_HAL_Driver/Src/stm32f4xx_hal_dac_ex.o
LOAD ./Drivers/STM32F4xx_HAL_Driver/Src/stm32f4xx_hal_dma.o
LOAD ./Drivers/STM32F4xx_HAL_Driver/Src/stm32f4xx_hal_dma_ex.o
LOAD ./Drivers/STM32F4xx_HAL_Driver/Src/stm32f4xx_hal_exti.o
LOAD ./Drivers/STM32F4xx_HAL_Driver/Src/stm32f4xx_hal_flash.o
LOAD ./Drivers/STM32F4xx_HAL_Driver/Src/stm32f4xx_hal_flash_ex.o
LOAD ./Drivers/STM32F4xx_HAL_Driver/Src/stm32f4xx_hal_flash_ramfunc.o
LOAD ./Drivers/STM32F4xx_HAL_Driver/Src/stm32f4xx_hal_gpio.o
LOAD ./Drivers/STM32F4xx_HAL_Driver/Src/stm32f4xx_hal_pcd.o
LOAD ./Drivers/STM32F4xx_HAL_Driver/Src/stm32f4xx_hal_pcd_ex.o
LOAD ./Drivers/STM32F4xx_HAL_Driver/Src/stm32f4xx_hal_pwr.o
LOAD ./Drivers/STM32F4xx_HAL_Driver/Src/stm32f4xx_hal_pwr_ex.o
LOAD ./Drivers/STM32F4xx_HAL_Driver/Src/stm32f4xx_hal_rcc.o
LOAD ./Drivers/STM32F4xx_HAL_Driver/Src/stm32f4xx_hal_rcc_ex.o
LOAD ./Drivers/STM32F4xx_HAL_Driver/Src/stm32f4xx_hal_spi.o
LOAD ./Drivers/STM32F4xx_HAL_Driver/Src/stm32f4xx_hal_tim.o
LOAD ./Drivers/STM32F4xx_HAL_Driver/Src/stm32f4xx_hal_tim_ex.o
LOAD ./Drivers/STM32F4xx_HAL_Driver/Src/stm32f4xx_ll_usb.o
LOAD ./Middlewares/ST/STM32_USB_Device_Library/Class/CDC/Src/usbd_cdc.o
LOAD ./Middlewares/ST/STM32_USB_Device_Library/Core/Src/usbd_core.o
LOAD ./Middlewares/ST/STM32_USB_Device_Library/Core/Src/usbd_ctlreq.o
LOAD ./Middlewares/ST/STM32_USB_Device_Library/Core/Src/usbd_ioreq.o
LOAD ./USB_DEVICE/App/usb_device.o
LOAD ./USB_DEVICE/App/usbd_cdc_if.o
LOAD ./USB_DEVICE/App/usbd_desc.o
LOAD ./USB_DEVICE/Target/usbd_conf.o
START GROUP
LOAD C:/ST/STM32CubeIDE_1.11.2/STM32CubeIDE/plugins/com.st.stm32cube.ide.mcu.externaltools.gnu-tools-for-stm32.11.3.rel1.win32_1.1.0.202305231506/tools/bin/../lib/gcc/arm-none-eabi/11.3.1/../../../../arm-none-eabi/lib/thumb/v7e-m+fp/hard\libc_nano.a
LOAD C:/ST/STM32CubeIDE_1.11.2/STM32CubeIDE/plugins/com.st.stm32cube.ide.mcu.externaltools.gnu-tools-for-stm32.11.3.rel1.win32_1.1.0.202305231506/tools/bin/../lib/gcc/arm-none-eabi/11.3.1/../../../../arm-none-eabi/lib/thumb/v7e-m+fp/hard\libm.a
END GROUP
START GROUP
LOAD C:/ST/STM32CubeIDE_1.11.2/STM32CubeIDE/plugins/com.st.stm32cube.ide.mcu.externaltools.gnu-tools-for-stm32.11.3.rel1.win32_1.1.0.202305231506/tools/bin/../lib/gcc/arm-none-eabi/11.3.1/thumb/v7e-m+fp/hard\libgcc.a
LOAD C:/ST/STM32CubeIDE_1.11.2/STM32CubeIDE/plugins/com.st.stm32cube.ide.mcu.externaltools.gnu-tools-for-stm32.11.3.rel1.win32_1.1.0.202305231506/tools/bin/../lib/gcc/arm-none-eabi/11.3.1/../../../../arm-none-eabi/lib/thumb/v7e-m+fp/hard\libc_nano.a
END GROUP
START GROUP
LOAD C:/ST/STM32CubeIDE_1.11.2/STM32CubeIDE/plugins/com.st.stm32cube.ide.mcu.externaltools.gnu-tools-for-stm32.11.3.rel1.win32_1.1.0.202305231506/tools/bin/../lib/gcc/arm-none-eabi/11.3.1/thumb/v7e-m+fp/hard\libgcc.a
LOAD C:/ST/STM32CubeIDE_1.11.2/STM32CubeIDE/plugins/com.st.stm32cube.ide.mcu.externaltools.gnu-tools-for-stm32.11.3.rel1.win32_1.1.0.202305231506/tools/bin/../lib/gcc/arm-none-eabi/11.3.1/../../../../arm-none-eabi/lib/thumb/v7e-m+fp/hard\libc_nano.a
LOAD C:/ST/STM32CubeIDE_1.11.2/STM32CubeIDE/plugins/com.st.stm32cube.ide.mcu.externaltools.gnu-tools-for-stm32.11.3.rel1.win32_1.1.0.202305231506/tools/bin/../lib/gcc/arm-none-eabi/11.3.1/../../../../arm-none-eabi/lib/thumb/v7e-m+fp/hard\libnosys.a
END GROUP
START GROUP
LOAD C:/ST/STM32CubeIDE_1.11.2/STM32CubeIDE/plugins/com.st.stm32cube.ide.mcu.externaltools.gnu-tools-for-stm32.11.3.rel1.win32_1.1.0.202305231506/tools/bin/../lib/gcc/arm-none-eabi/11.3.1/thumb/v7e-m+fp/hard\libgcc.a
LOAD C:/ST/STM32CubeIDE_1.11.2/STM32CubeIDE/plugins/com.st.stm32cube.ide.mcu.externaltools.gnu-tools-for-stm32.11.3.rel1.win32_1.1.0.202305231506/tools/bin/../lib/gcc/arm-none-eabi/11.3.1/../../../../arm-none-eabi/lib/thumb/v7e-m+fp/hard\libc_nano.a
LOAD C:/ST/STM32CubeIDE_1.11.2/STM32CubeIDE/plugins/com.st.stm32cube.ide.mcu.externaltools.gnu-tools-for-stm32.11.3.rel1.win32_1.1.0.202305231506/tools/bin/../lib/gcc/arm-none-eabi/11.3.1/../../../../arm-none-eabi/lib/thumb/v7e-m+fp/hard\libnosys.a
END GROUP
LOAD C:/ST/STM32CubeIDE_1.11.2/STM32CubeIDE/plugins/com.st.stm32cube.ide.mcu.externaltools.gnu-tools-for-stm32.11.3.rel1.win32_1.1.0.202305231506/tools/bin/../lib/gcc/arm-none-eabi/11.3.1/thumb/v7e-m+fp/hard/crtend.o
LOAD C:/ST/STM32CubeIDE_1.11.2/STM32CubeIDE/plugins/com.st.stm32cube.ide.mcu.externaltools.gnu-tools-for-stm32.11.3.rel1.win32_1.1.0.202305231506/tools/bin/../lib/gcc/arm-none-eabi/11.3.1/thumb/v7e-m+fp/hard/crtn.o
                0x0000000020020000                _estack = (ORIGIN (RAM) + LENGTH (RAM))
                0x0000000000000600                _Min_Heap_Size = 0x600
                0x0000000000000400                _Min_Stack_Size = 0x400

.isr_vector     0x0000000008000000      0x188
                0x0000000008000000                . = ALIGN (0x4)
 *(.isr_vector)
 .isr_vector    0x0000000008000000      0x188 ./Core/Startup/startup_stm32f407vgtx.o
                0x0000000008000000                g_pfnVectors
                0x0000000008000188                . = ALIGN (0x4)

.text           0x0000000008000188     0x90d4
                0x0000000008000188                . = ALIGN (0x4)
 *(.text)
 .text          0x0000000008000188       0x40 C:/ST/STM32CubeIDE_1.11.2/STM32CubeIDE/plugins/com.st.stm32cube.ide.mcu.externaltools.gnu-tools-for-stm32.11.3.rel1.win32_1.1.0.202305231506/tools/bin/../lib/gcc/arm-none-eabi/11.3.1/thumb/v7e-m+fp/hard/crtbegin.o
 .text          0x00000000080001c8       0x14 C:/ST/STM32CubeIDE_1.11.2/STM32CubeIDE/plugins/com.st.stm32cube.ide.mcu.externaltools.gnu-tools-for-stm32.11.3.rel1.win32_1.1.0.202305231506/tools/bin/../lib/gcc/arm-none-eabi/11.3.1/../../../../arm-none-eabi/lib/thumb/v7e-m+fp/hard\libc_nano.a(libc_a-strcmp.o)
                0x00000000080001c8                strcmp
 .text          0x00000000080001dc       0x30 C:/ST/STM32CubeIDE_1.11.2/STM32CubeIDE/plugins/com.st.stm32cube.ide.mcu.externaltools.gnu-tools-for-stm32.11.3.rel1.win32_1.1.0.202305231506/tools/bin/../lib/gcc/arm-none-eabi/11.3.1/thumb/v7e-m+fp/hard\libgcc.a(_aeabi_uldivmod.o)
                0x00000000080001dc                __aeabi_uldivmod
 .text          0x000000000800020c      0x2c8 C:/ST/STM32CubeIDE_1.11.2/STM32CubeIDE/plugins/com.st.stm32cube.ide.mcu.externaltools.gnu-tools-for-stm32.11.3.rel1.win32_1.1.0.202305231506/tools/bin/../lib/gcc/arm-none-eabi/11.3.1/thumb/v7e-m+fp/hard\libgcc.a(_udivmoddi4.o)
                0x000000000800020c                __udivmoddi4
 .text          0x00000000080004d4        0x4 C:/ST/STM32CubeIDE_1.11.2/STM32CubeIDE/plugins/com.st.stm32cube.ide.mcu.externaltools.gnu-tools-for-stm32.11.3.rel1.win32_1.1.0.202305231506/tools/bin/../lib/gcc/arm-none-eabi/11.3.1/thumb/v7e-m+fp/hard\libgcc.a(_dvmd_tls.o)
                0x00000000080004d4                __aeabi_idiv0
                0x00000000080004d4                __aeabi_ldiv0
 *(.text*)
 .text.MX_DAC_Init
                0x00000000080004d8       0x68 ./Core/Src/dac.o
                0x00000000080004d8                MX_DAC_Init
 .text.HAL_DAC_MspInit
                0x0000000008000540       0x98 ./Core/Src/dac.o
                0x0000000008000540                HAL_DAC_MspInit
 .text.MX_DMA_Init
                0x00000000080005d8       0x40 ./Core/Src/dma.o
                0x00000000080005d8                MX_DMA_Init
 .text.MX_GPIO_Init
                0x0000000008000618      0x254 ./Core/Src/gpio.o
                0x0000000008000618                MX_GPIO_Init
 .text.main     0x000000000800086c       0x50 ./Core/Src/main.o
                0x000000000800086c                main
 .text.SystemClock_Config
                0x00000000080008bc       0xd4 ./Core/Src/main.o
                0x00000000080008bc                SystemClock_Config
 .text.HAL_TIM_PeriodElapsedCallback
                0x0000000008000990       0x2c ./Core/Src/main.o
                0x0000000008000990                HAL_TIM_PeriodElapsedCallback
 .text.Error_Handler
                0x00000000080009bc        0xa ./Core/Src/main.o
                0x00000000080009bc                Error_Handler
 *fill*         0x00000000080009c6        0x2 
 .text.HAL_GPIO_EXTI_Callback
                0x00000000080009c8       0x64 ./Core/Src/myMain.o
                0x00000000080009c8                HAL_GPIO_EXTI_Callback
 .text.updateEncoderData
                0x0000000008000a2c       0xd8 ./Core/Src/myMain.o
                0x0000000008000a2c                updateEncoderData
 .text.my_HAL_TIM_PeriodElapsedCallback
                0x0000000008000b04       0x4c ./Core/Src/myMain.o
                0x0000000008000b04                my_HAL_TIM_PeriodElapsedCallback
 .text.detectXLimits
                0x0000000008000b50       0x58 ./Core/Src/myMain.o
                0x0000000008000b50                detectXLimits
 .text.myInit   0x0000000008000ba8       0x88 ./Core/Src/myMain.o
                0x0000000008000ba8                myInit
 .text.myLoopInternals
                0x0000000008000c30        0xe ./Core/Src/myMain.o
                0x0000000008000c30                myLoopInternals
 *fill*         0x0000000008000c3e        0x2 
 .text.x_goLeft
                0x0000000008000c40       0x48 ./Core/Src/myMain.o
                0x0000000008000c40                x_goLeft
 .text.x_goRight
                0x0000000008000c88       0x4c ./Core/Src/myMain.o
                0x0000000008000c88                x_goRight
 .text.x_stop   0x0000000008000cd4       0x18 ./Core/Src/myMain.o
                0x0000000008000cd4                x_stop
 .text.y_goUp   0x0000000008000cec        0xe ./Core/Src/myMain.o
                0x0000000008000cec                y_goUp
 .text.y_goDown
                0x0000000008000cfa        0xe ./Core/Src/myMain.o
                0x0000000008000cfa                y_goDown
 .text.y_stop   0x0000000008000d08       0x18 ./Core/Src/myMain.o
                0x0000000008000d08                y_stop
 .text.commandReceived
                0x0000000008000d20      0x144 ./Core/Src/myMain.o
                0x0000000008000d20                commandReceived
 .text.MX_SPI2_Init
                0x0000000008000e64       0x6c ./Core/Src/spi.o
                0x0000000008000e64                MX_SPI2_Init
 .text.HAL_SPI_MspInit
                0x0000000008000ed0       0xd0 ./Core/Src/spi.o
                0x0000000008000ed0                HAL_SPI_MspInit
 .text.HAL_MspInit
                0x0000000008000fa0       0x50 ./Core/Src/stm32f4xx_hal_msp.o
                0x0000000008000fa0                HAL_MspInit
 .text.HAL_InitTick
                0x0000000008000ff0       0xf8 ./Core/Src/stm32f4xx_hal_timebase_tim.o
                0x0000000008000ff0                HAL_InitTick
 .text.NMI_Handler
                0x00000000080010e8        0x6 ./Core/Src/stm32f4xx_it.o
                0x00000000080010e8                NMI_Handler
 .text.HardFault_Handler
                0x00000000080010ee        0x6 ./Core/Src/stm32f4xx_it.o
                0x00000000080010ee                HardFault_Handler
 .text.MemManage_Handler
                0x00000000080010f4        0x6 ./Core/Src/stm32f4xx_it.o
                0x00000000080010f4                MemManage_Handler
 .text.BusFault_Handler
                0x00000000080010fa        0x6 ./Core/Src/stm32f4xx_it.o
                0x00000000080010fa                BusFault_Handler
 .text.UsageFault_Handler
                0x0000000008001100        0x6 ./Core/Src/stm32f4xx_it.o
                0x0000000008001100                UsageFault_Handler
 .text.SVC_Handler
                0x0000000008001106        0xe ./Core/Src/stm32f4xx_it.o
                0x0000000008001106                SVC_Handler
 .text.DebugMon_Handler
                0x0000000008001114        0xe ./Core/Src/stm32f4xx_it.o
                0x0000000008001114                DebugMon_Handler
 .text.PendSV_Handler
                0x0000000008001122        0xe ./Core/Src/stm32f4xx_it.o
                0x0000000008001122                PendSV_Handler
 .text.SysTick_Handler
                0x0000000008001130        0xe ./Core/Src/stm32f4xx_it.o
                0x0000000008001130                SysTick_Handler
 *fill*         0x000000000800113e        0x2 
 .text.DMA1_Stream6_IRQHandler
                0x0000000008001140       0x14 ./Core/Src/stm32f4xx_it.o
                0x0000000008001140                DMA1_Stream6_IRQHandler
 .text.EXTI9_5_IRQHandler
                0x0000000008001154       0x18 ./Core/Src/stm32f4xx_it.o
                0x0000000008001154                EXTI9_5_IRQHandler
 .text.TIM1_BRK_TIM9_IRQHandler
                0x000000000800116c       0x14 ./Core/Src/stm32f4xx_it.o
                0x000000000800116c                TIM1_BRK_TIM9_IRQHandler
 .text.TIM3_IRQHandler
                0x0000000008001180       0x14 ./Core/Src/stm32f4xx_it.o
                0x0000000008001180                TIM3_IRQHandler
 .text.TIM4_IRQHandler
                0x0000000008001194       0x14 ./Core/Src/stm32f4xx_it.o
                0x0000000008001194                TIM4_IRQHandler
 .text.EXTI15_10_IRQHandler
                0x00000000080011a8       0x10 ./Core/Src/stm32f4xx_it.o
                0x00000000080011a8                EXTI15_10_IRQHandler
 .text.TIM6_DAC_IRQHandler
                0x00000000080011b8       0x28 ./Core/Src/stm32f4xx_it.o
                0x00000000080011b8                TIM6_DAC_IRQHandler
 .text.OTG_FS_IRQHandler
                0x00000000080011e0       0x14 ./Core/Src/stm32f4xx_it.o
                0x00000000080011e0                OTG_FS_IRQHandler
 .text.SystemInit
                0x00000000080011f4       0x24 ./Core/Src/system_stm32f4xx.o
                0x00000000080011f4                SystemInit
 .text.MX_TIM3_Init
                0x0000000008001218       0xa8 ./Core/Src/tim.o
                0x0000000008001218                MX_TIM3_Init
 .text.MX_TIM4_Init
                0x00000000080012c0       0xa8 ./Core/Src/tim.o
                0x00000000080012c0                MX_TIM4_Init
 .text.MX_TIM9_Init
                0x0000000008001368       0x74 ./Core/Src/tim.o
                0x0000000008001368                MX_TIM9_Init
 .text.HAL_TIM_Encoder_MspInit
                0x00000000080013dc      0x184 ./Core/Src/tim.o
                0x00000000080013dc                HAL_TIM_Encoder_MspInit
 .text.HAL_TIM_Base_MspInit
                0x0000000008001560       0x50 ./Core/Src/tim.o
                0x0000000008001560                HAL_TIM_Base_MspInit
 .text.Reset_Handler
                0x00000000080015b0       0x50 ./Core/Startup/startup_stm32f407vgtx.o
                0x00000000080015b0                Reset_Handler
 .text.Default_Handler
                0x0000000008001600        0x2 ./Core/Startup/startup_stm32f407vgtx.o
                0x0000000008001600                RTC_Alarm_IRQHandler
                0x0000000008001600                HASH_RNG_IRQHandler
                0x0000000008001600                EXTI2_IRQHandler
                0x0000000008001600                TIM8_CC_IRQHandler
                0x0000000008001600                TIM1_CC_IRQHandler
                0x0000000008001600                DMA2_Stream5_IRQHandler
                0x0000000008001600                DMA1_Stream5_IRQHandler
                0x0000000008001600                PVD_IRQHandler
                0x0000000008001600                SDIO_IRQHandler
                0x0000000008001600                TAMP_STAMP_IRQHandler
                0x0000000008001600                CAN2_RX1_IRQHandler
                0x0000000008001600                EXTI3_IRQHandler
                0x0000000008001600                TIM8_TRG_COM_TIM14_IRQHandler
                0x0000000008001600                TIM1_UP_TIM10_IRQHandler
                0x0000000008001600                TIM8_UP_TIM13_IRQHandler
                0x0000000008001600                I2C3_ER_IRQHandler
                0x0000000008001600                EXTI0_IRQHandler
                0x0000000008001600                I2C2_EV_IRQHandler
                0x0000000008001600                DMA1_Stream2_IRQHandler
                0x0000000008001600                CAN1_RX0_IRQHandler
                0x0000000008001600                FPU_IRQHandler
                0x0000000008001600                OTG_HS_WKUP_IRQHandler
                0x0000000008001600                CAN2_SCE_IRQHandler
                0x0000000008001600                DMA2_Stream2_IRQHandler
                0x0000000008001600                SPI1_IRQHandler
                0x0000000008001600                DCMI_IRQHandler
                0x0000000008001600                CAN2_RX0_IRQHandler
                0x0000000008001600                DMA2_Stream3_IRQHandler
                0x0000000008001600                USART6_IRQHandler
                0x0000000008001600                USART3_IRQHandler
                0x0000000008001600                CAN1_RX1_IRQHandler
                0x0000000008001600                UART5_IRQHandler
                0x0000000008001600                DMA2_Stream0_IRQHandler
                0x0000000008001600                I2C1_EV_IRQHandler
                0x0000000008001600                DMA1_Stream1_IRQHandler
                0x0000000008001600                UART4_IRQHandler
                0x0000000008001600                RCC_IRQHandler
                0x0000000008001600                TIM8_BRK_TIM12_IRQHandler
                0x0000000008001600                Default_Handler
                0x0000000008001600                ADC_IRQHandler
                0x0000000008001600                DMA1_Stream7_IRQHandler
                0x0000000008001600                TIM7_IRQHandler
                0x0000000008001600                CAN2_TX_IRQHandler
                0x0000000008001600                TIM5_IRQHandler
                0x0000000008001600                DMA2_Stream7_IRQHandler
                0x0000000008001600                I2C3_EV_IRQHandler
                0x0000000008001600                RTC_WKUP_IRQHandler
                0x0000000008001600                ETH_WKUP_IRQHandler
                0x0000000008001600                SPI2_IRQHandler
                0x0000000008001600                OTG_HS_EP1_IN_IRQHandler
                0x0000000008001600                DMA1_Stream0_IRQHandler
                0x0000000008001600                CAN1_TX_IRQHandler
                0x0000000008001600                EXTI4_IRQHandler
                0x0000000008001600                FSMC_IRQHandler
                0x0000000008001600                ETH_IRQHandler
                0x0000000008001600                OTG_HS_EP1_OUT_IRQHandler
                0x0000000008001600                WWDG_IRQHandler
                0x0000000008001600                TIM2_IRQHandler
                0x0000000008001600                OTG_FS_WKUP_IRQHandler
                0x0000000008001600                TIM1_TRG_COM_TIM11_IRQHandler
                0x0000000008001600                OTG_HS_IRQHandler
                0x0000000008001600                EXTI1_IRQHandler
                0x0000000008001600                USART2_IRQHandler
                0x0000000008001600                I2C2_ER_IRQHandler
                0x0000000008001600                DMA2_Stream1_IRQHandler
                0x0000000008001600                CAN1_SCE_IRQHandler
                0x0000000008001600                FLASH_IRQHandler
                0x0000000008001600                DMA2_Stream4_IRQHandler
                0x0000000008001600                USART1_IRQHandler
                0x0000000008001600                SPI3_IRQHandler
                0x0000000008001600                DMA1_Stream4_IRQHandler
                0x0000000008001600                I2C1_ER_IRQHandler
                0x0000000008001600                DMA2_Stream6_IRQHandler
                0x0000000008001600                DMA1_Stream3_IRQHandler
 *fill*         0x0000000008001602        0x2 
 .text.HAL_Init
                0x0000000008001604       0x44 ./Drivers/STM32F4xx_HAL_Driver/Src/stm32f4xx_hal.o
                0x0000000008001604                HAL_Init
 .text.HAL_IncTick
                0x0000000008001648       0x28 ./Drivers/STM32F4xx_HAL_Driver/Src/stm32f4xx_hal.o
                0x0000000008001648                HAL_IncTick
 .text.HAL_GetTick
                0x0000000008001670       0x18 ./Drivers/STM32F4xx_HAL_Driver/Src/stm32f4xx_hal.o
                0x0000000008001670                HAL_GetTick
 .text.HAL_Delay
                0x0000000008001688       0x48 ./Drivers/STM32F4xx_HAL_Driver/Src/stm32f4xx_hal.o
                0x0000000008001688                HAL_Delay
 .text.__NVIC_SetPriorityGrouping
                0x00000000080016d0       0x48 ./Drivers/STM32F4xx_HAL_Driver/Src/stm32f4xx_hal_cortex.o
 .text.__NVIC_GetPriorityGrouping
                0x0000000008001718       0x1c ./Drivers/STM32F4xx_HAL_Driver/Src/stm32f4xx_hal_cortex.o
 .text.__NVIC_EnableIRQ
                0x0000000008001734       0x3c ./Drivers/STM32F4xx_HAL_Driver/Src/stm32f4xx_hal_cortex.o
 .text.__NVIC_SetPriority
                0x0000000008001770       0x54 ./Drivers/STM32F4xx_HAL_Driver/Src/stm32f4xx_hal_cortex.o
 .text.NVIC_EncodePriority
                0x00000000080017c4       0x66 ./Drivers/STM32F4xx_HAL_Driver/Src/stm32f4xx_hal_cortex.o
 .text.HAL_NVIC_SetPriorityGrouping
                0x000000000800182a       0x16 ./Drivers/STM32F4xx_HAL_Driver/Src/stm32f4xx_hal_cortex.o
                0x000000000800182a                HAL_NVIC_SetPriorityGrouping
 .text.HAL_NVIC_SetPriority
                0x0000000008001840       0x38 ./Drivers/STM32F4xx_HAL_Driver/Src/stm32f4xx_hal_cortex.o
                0x0000000008001840                HAL_NVIC_SetPriority
 .text.HAL_NVIC_EnableIRQ
                0x0000000008001878       0x1c ./Drivers/STM32F4xx_HAL_Driver/Src/stm32f4xx_hal_cortex.o
                0x0000000008001878                HAL_NVIC_EnableIRQ
 .text.HAL_DAC_Init
                0x0000000008001894       0x44 ./Drivers/STM32F4xx_HAL_Driver/Src/stm32f4xx_hal_dac.o
                0x0000000008001894                HAL_DAC_Init
 .text.HAL_DAC_Start
                0x00000000080018d8       0xa4 ./Drivers/STM32F4xx_HAL_Driver/Src/stm32f4xx_hal_dac.o
                0x00000000080018d8                HAL_DAC_Start
 .text.HAL_DAC_IRQHandler
                0x000000000800197c       0xb4 ./Drivers/STM32F4xx_HAL_Driver/Src/stm32f4xx_hal_dac.o
                0x000000000800197c                HAL_DAC_IRQHandler
 .text.HAL_DAC_SetValue
                0x0000000008001a30       0x4a ./Drivers/STM32F4xx_HAL_Driver/Src/stm32f4xx_hal_dac.o
                0x0000000008001a30                HAL_DAC_SetValue
 .text.HAL_DAC_DMAUnderrunCallbackCh1
                0x0000000008001a7a       0x14 ./Drivers/STM32F4xx_HAL_Driver/Src/stm32f4xx_hal_dac.o
                0x0000000008001a7a                HAL_DAC_DMAUnderrunCallbackCh1
 .text.HAL_DAC_ConfigChannel
                0x0000000008001a8e       0x9e ./Drivers/STM32F4xx_HAL_Driver/Src/stm32f4xx_hal_dac.o
                0x0000000008001a8e                HAL_DAC_ConfigChannel
 .text.HAL_DACEx_DMAUnderrunCallbackCh2
                0x0000000008001b2c       0x14 ./Drivers/STM32F4xx_HAL_Driver/Src/stm32f4xx_hal_dac_ex.o
                0x0000000008001b2c                HAL_DACEx_DMAUnderrunCallbackCh2
 .text.HAL_DMA_Init
                0x0000000008001b40      0x15c ./Drivers/STM32F4xx_HAL_Driver/Src/stm32f4xx_hal_dma.o
                0x0000000008001b40                HAL_DMA_Init
 .text.HAL_DMA_IRQHandler
                0x0000000008001c9c      0x314 ./Drivers/STM32F4xx_HAL_Driver/Src/stm32f4xx_hal_dma.o
                0x0000000008001c9c                HAL_DMA_IRQHandler
 .text.DMA_CalcBaseAndBitshift
                0x0000000008001fb0       0x6c ./Drivers/STM32F4xx_HAL_Driver/Src/stm32f4xx_hal_dma.o
 .text.DMA_CheckFifoParam
                0x000000000800201c       0xf8 ./Drivers/STM32F4xx_HAL_Driver/Src/stm32f4xx_hal_dma.o
 .text.HAL_GPIO_Init
                0x0000000008002114      0x338 ./Drivers/STM32F4xx_HAL_Driver/Src/stm32f4xx_hal_gpio.o
                0x0000000008002114                HAL_GPIO_Init
 .text.HAL_GPIO_WritePin
                0x000000000800244c       0x32 ./Drivers/STM32F4xx_HAL_Driver/Src/stm32f4xx_hal_gpio.o
                0x000000000800244c                HAL_GPIO_WritePin
 *fill*         0x000000000800247e        0x2 
 .text.HAL_GPIO_EXTI_IRQHandler
                0x0000000008002480       0x30 ./Drivers/STM32F4xx_HAL_Driver/Src/stm32f4xx_hal_gpio.o
                0x0000000008002480                HAL_GPIO_EXTI_IRQHandler
 .text.HAL_PCD_Init
                0x00000000080024b0      0x23a ./Drivers/STM32F4xx_HAL_Driver/Src/stm32f4xx_hal_pcd.o
                0x00000000080024b0                HAL_PCD_Init
 .text.HAL_PCD_Start
                0x00000000080026ea       0x66 ./Drivers/STM32F4xx_HAL_Driver/Src/stm32f4xx_hal_pcd.o
                0x00000000080026ea                HAL_PCD_Start
 .text.HAL_PCD_IRQHandler
                0x0000000008002750      0x93e ./Drivers/STM32F4xx_HAL_Driver/Src/stm32f4xx_hal_pcd.o
                0x0000000008002750                HAL_PCD_IRQHandler
 .text.HAL_PCD_SetAddress
                0x000000000800308e       0x4a ./Drivers/STM32F4xx_HAL_Driver/Src/stm32f4xx_hal_pcd.o
                0x000000000800308e                HAL_PCD_SetAddress
 .text.HAL_PCD_EP_Open
                0x00000000080030d8       0xd0 ./Drivers/STM32F4xx_HAL_Driver/Src/stm32f4xx_hal_pcd.o
                0x00000000080030d8                HAL_PCD_EP_Open
 .text.HAL_PCD_EP_Close
                0x00000000080031a8       0x94 ./Drivers/STM32F4xx_HAL_Driver/Src/stm32f4xx_hal_pcd.o
                0x00000000080031a8                HAL_PCD_EP_Close
 .text.HAL_PCD_EP_Receive
                0x000000000800323c       0x96 ./Drivers/STM32F4xx_HAL_Driver/Src/stm32f4xx_hal_pcd.o
                0x000000000800323c                HAL_PCD_EP_Receive
 .text.HAL_PCD_EP_GetRxCount
                0x00000000080032d2       0x30 ./Drivers/STM32F4xx_HAL_Driver/Src/stm32f4xx_hal_pcd.o
                0x00000000080032d2                HAL_PCD_EP_GetRxCount
 .text.HAL_PCD_EP_Transmit
                0x0000000008003302       0x94 ./Drivers/STM32F4xx_HAL_Driver/Src/stm32f4xx_hal_pcd.o
                0x0000000008003302                HAL_PCD_EP_Transmit
 .text.HAL_PCD_EP_SetStall
                0x0000000008003396       0xc8 ./Drivers/STM32F4xx_HAL_Driver/Src/stm32f4xx_hal_pcd.o
                0x0000000008003396                HAL_PCD_EP_SetStall
 .text.HAL_PCD_EP_ClrStall
                0x000000000800345e       0xac ./Drivers/STM32F4xx_HAL_Driver/Src/stm32f4xx_hal_pcd.o
                0x000000000800345e                HAL_PCD_EP_ClrStall
 .text.HAL_PCD_EP_Abort
                0x000000000800350a       0x62 ./Drivers/STM32F4xx_HAL_Driver/Src/stm32f4xx_hal_pcd.o
                0x000000000800350a                HAL_PCD_EP_Abort
 .text.PCD_WriteEmptyTxFifo
                0x000000000800356c      0x11a ./Drivers/STM32F4xx_HAL_Driver/Src/stm32f4xx_hal_pcd.o
 *fill*         0x0000000008003686        0x2 
 .text.PCD_EP_OutXfrComplete_int
                0x0000000008003688      0x1d0 ./Drivers/STM32F4xx_HAL_Driver/Src/stm32f4xx_hal_pcd.o
 .text.PCD_EP_OutSetupPacket_int
                0x0000000008003858       0x8c ./Drivers/STM32F4xx_HAL_Driver/Src/stm32f4xx_hal_pcd.o
 .text.HAL_PCDEx_SetTxFiFo
                0x00000000080038e4       0x8e ./Drivers/STM32F4xx_HAL_Driver/Src/stm32f4xx_hal_pcd_ex.o
                0x00000000080038e4                HAL_PCDEx_SetTxFiFo
 .text.HAL_PCDEx_SetRxFiFo
                0x0000000008003972       0x22 ./Drivers/STM32F4xx_HAL_Driver/Src/stm32f4xx_hal_pcd_ex.o
                0x0000000008003972                HAL_PCDEx_SetRxFiFo
 .text.HAL_PCDEx_LPM_Callback
                0x0000000008003994       0x18 ./Drivers/STM32F4xx_HAL_Driver/Src/stm32f4xx_hal_pcd_ex.o
                0x0000000008003994                HAL_PCDEx_LPM_Callback
 .text.HAL_RCC_OscConfig
                0x00000000080039ac      0x4f0 ./Drivers/STM32F4xx_HAL_Driver/Src/stm32f4xx_hal_rcc.o
                0x00000000080039ac                HAL_RCC_OscConfig
 .text.HAL_RCC_ClockConfig
                0x0000000008003e9c      0x1cc ./Drivers/STM32F4xx_HAL_Driver/Src/stm32f4xx_hal_rcc.o
                0x0000000008003e9c                HAL_RCC_ClockConfig
 .text.HAL_RCC_GetSysClockFreq
                0x0000000008004068      0x20c ./Drivers/STM32F4xx_HAL_Driver/Src/stm32f4xx_hal_rcc.o
                0x0000000008004068                HAL_RCC_GetSysClockFreq
 .text.HAL_RCC_GetHCLKFreq
                0x0000000008004274       0x18 ./Drivers/STM32F4xx_HAL_Driver/Src/stm32f4xx_hal_rcc.o
                0x0000000008004274                HAL_RCC_GetHCLKFreq
 .text.HAL_RCC_GetPCLK1Freq
                0x000000000800428c       0x28 ./Drivers/STM32F4xx_HAL_Driver/Src/stm32f4xx_hal_rcc.o
                0x000000000800428c                HAL_RCC_GetPCLK1Freq
 .text.HAL_RCC_GetClockConfig
                0x00000000080042b4       0x64 ./Drivers/STM32F4xx_HAL_Driver/Src/stm32f4xx_hal_rcc.o
                0x00000000080042b4                HAL_RCC_GetClockConfig
 .text.HAL_SPI_Init
                0x0000000008004318      0x112 ./Drivers/STM32F4xx_HAL_Driver/Src/stm32f4xx_hal_spi.o
                0x0000000008004318                HAL_SPI_Init
 .text.HAL_TIM_Base_Init
                0x000000000800442a       0x9e ./Drivers/STM32F4xx_HAL_Driver/Src/stm32f4xx_hal_tim.o
                0x000000000800442a                HAL_TIM_Base_Init
 .text.HAL_TIM_Base_Start_IT
                0x00000000080044c8       0xe0 ./Drivers/STM32F4xx_HAL_Driver/Src/stm32f4xx_hal_tim.o
                0x00000000080044c8                HAL_TIM_Base_Start_IT
 .text.HAL_TIM_Encoder_Init
                0x00000000080045a8      0x14c ./Drivers/STM32F4xx_HAL_Driver/Src/stm32f4xx_hal_tim.o
                0x00000000080045a8                HAL_TIM_Encoder_Init
 .text.HAL_TIM_Encoder_Start
                0x00000000080046f4      0x11c ./Drivers/STM32F4xx_HAL_Driver/Src/stm32f4xx_hal_tim.o
                0x00000000080046f4                HAL_TIM_Encoder_Start
 .text.HAL_TIM_IRQHandler
                0x0000000008004810      0x210 ./Drivers/STM32F4xx_HAL_Driver/Src/stm32f4xx_hal_tim.o
                0x0000000008004810                HAL_TIM_IRQHandler
 .text.HAL_TIM_ConfigClockSource
                0x0000000008004a20      0x18e ./Drivers/STM32F4xx_HAL_Driver/Src/stm32f4xx_hal_tim.o
                0x0000000008004a20                HAL_TIM_ConfigClockSource
 .text.HAL_TIM_OC_DelayElapsedCallback
                0x0000000008004bae       0x14 ./Drivers/STM32F4xx_HAL_Driver/Src/stm32f4xx_hal_tim.o
                0x0000000008004bae                HAL_TIM_OC_DelayElapsedCallback
 .text.HAL_TIM_IC_CaptureCallback
                0x0000000008004bc2       0x14 ./Drivers/STM32F4xx_HAL_Driver/Src/stm32f4xx_hal_tim.o
                0x0000000008004bc2                HAL_TIM_IC_CaptureCallback
 .text.HAL_TIM_PWM_PulseFinishedCallback
                0x0000000008004bd6       0x14 ./Drivers/STM32F4xx_HAL_Driver/Src/stm32f4xx_hal_tim.o
                0x0000000008004bd6                HAL_TIM_PWM_PulseFinishedCallback
 .text.HAL_TIM_TriggerCallback
                0x0000000008004bea       0x14 ./Drivers/STM32F4xx_HAL_Driver/Src/stm32f4xx_hal_tim.o
                0x0000000008004bea                HAL_TIM_TriggerCallback
 *fill*         0x0000000008004bfe        0x2 
 .text.TIM_Base_SetConfig
                0x0000000008004c00      0x140 ./Drivers/STM32F4xx_HAL_Driver/Src/stm32f4xx_hal_tim.o
                0x0000000008004c00                TIM_Base_SetConfig
 .text.TIM_TI1_ConfigInputStage
                0x0000000008004d40       0x5e ./Drivers/STM32F4xx_HAL_Driver/Src/stm32f4xx_hal_tim.o
 .text.TIM_TI2_ConfigInputStage
                0x0000000008004d9e       0x60 ./Drivers/STM32F4xx_HAL_Driver/Src/stm32f4xx_hal_tim.o
 .text.TIM_ITRx_SetConfig
                0x0000000008004dfe       0x36 ./Drivers/STM32F4xx_HAL_Driver/Src/stm32f4xx_hal_tim.o
 .text.TIM_ETR_SetConfig
                0x0000000008004e34       0x40 ./Drivers/STM32F4xx_HAL_Driver/Src/stm32f4xx_hal_tim.o
                0x0000000008004e34                TIM_ETR_SetConfig
 .text.TIM_CCxChannelCmd
                0x0000000008004e74       0x4a ./Drivers/STM32F4xx_HAL_Driver/Src/stm32f4xx_hal_tim.o
                0x0000000008004e74                TIM_CCxChannelCmd
 *fill*         0x0000000008004ebe        0x2 
 .text.HAL_TIMEx_MasterConfigSynchronization
                0x0000000008004ec0       0xf8 ./Drivers/STM32F4xx_HAL_Driver/Src/stm32f4xx_hal_tim_ex.o
                0x0000000008004ec0                HAL_TIMEx_MasterConfigSynchronization
 .text.HAL_TIMEx_CommutCallback
                0x0000000008004fb8       0x14 ./Drivers/STM32F4xx_HAL_Driver/Src/stm32f4xx_hal_tim_ex.o
                0x0000000008004fb8                HAL_TIMEx_CommutCallback
 .text.HAL_TIMEx_BreakCallback
                0x0000000008004fcc       0x14 ./Drivers/STM32F4xx_HAL_Driver/Src/stm32f4xx_hal_tim_ex.o
                0x0000000008004fcc                HAL_TIMEx_BreakCallback
 .text.USB_CoreInit
                0x0000000008004fe0       0xc2 ./Drivers/STM32F4xx_HAL_Driver/Src/stm32f4xx_ll_usb.o
                0x0000000008004fe0                USB_CoreInit
 *fill*         0x00000000080050a2        0x2 
 .text.USB_SetTurnaroundTime
                0x00000000080050a4      0x144 ./Drivers/STM32F4xx_HAL_Driver/Src/stm32f4xx_ll_usb.o
                0x00000000080050a4                USB_SetTurnaroundTime
 .text.USB_EnableGlobalInt
                0x00000000080051e8       0x22 ./Drivers/STM32F4xx_HAL_Driver/Src/stm32f4xx_ll_usb.o
                0x00000000080051e8                USB_EnableGlobalInt
 .text.USB_DisableGlobalInt
                0x000000000800520a       0x22 ./Drivers/STM32F4xx_HAL_Driver/Src/stm32f4xx_ll_usb.o
                0x000000000800520a                USB_DisableGlobalInt
 .text.USB_SetCurrentMode
                0x000000000800522c       0x98 ./Drivers/STM32F4xx_HAL_Driver/Src/stm32f4xx_ll_usb.o
                0x000000000800522c                USB_SetCurrentMode
 .text.USB_DevInit
                0x00000000080052c4      0x2c8 ./Drivers/STM32F4xx_HAL_Driver/Src/stm32f4xx_ll_usb.o
                0x00000000080052c4                USB_DevInit
 .text.USB_FlushTxFifo
                0x000000000800558c       0x68 ./Drivers/STM32F4xx_HAL_Driver/Src/stm32f4xx_ll_usb.o
                0x000000000800558c                USB_FlushTxFifo
 .text.USB_FlushRxFifo
                0x00000000080055f4       0x60 ./Drivers/STM32F4xx_HAL_Driver/Src/stm32f4xx_ll_usb.o
                0x00000000080055f4                USB_FlushRxFifo
 .text.USB_SetDevSpeed
                0x0000000008005654       0x32 ./Drivers/STM32F4xx_HAL_Driver/Src/stm32f4xx_ll_usb.o
                0x0000000008005654                USB_SetDevSpeed
 .text.USB_GetDevSpeed
                0x0000000008005686       0x4a ./Drivers/STM32F4xx_HAL_Driver/Src/stm32f4xx_ll_usb.o
                0x0000000008005686                USB_GetDevSpeed
 .text.USB_ActivateEndpoint
                0x00000000080056d0      0x10e ./Drivers/STM32F4xx_HAL_Driver/Src/stm32f4xx_ll_usb.o
                0x00000000080056d0                USB_ActivateEndpoint
 *fill*         0x00000000080057de        0x2 
 .text.USB_DeactivateEndpoint
                0x00000000080057e0      0x1b8 ./Drivers/STM32F4xx_HAL_Driver/Src/stm32f4xx_ll_usb.o
                0x00000000080057e0                USB_DeactivateEndpoint
 .text.USB_EPStartXfer
                0x0000000008005998      0x490 ./Drivers/STM32F4xx_HAL_Driver/Src/stm32f4xx_ll_usb.o
                0x0000000008005998                USB_EPStartXfer
 .text.USB_EP0StartXfer
                0x0000000008005e28      0x2b0 ./Drivers/STM32F4xx_HAL_Driver/Src/stm32f4xx_ll_usb.o
                0x0000000008005e28                USB_EP0StartXfer
 .text.USB_EPStopXfer
                0x00000000080060d8      0x154 ./Drivers/STM32F4xx_HAL_Driver/Src/stm32f4xx_ll_usb.o
                0x00000000080060d8                USB_EPStopXfer
 .text.USB_WritePacket
                0x000000000800622c       0x7c ./Drivers/STM32F4xx_HAL_Driver/Src/stm32f4xx_ll_usb.o
                0x000000000800622c                USB_WritePacket
 .text.USB_ReadPacket
                0x00000000080062a8       0xb0 ./Drivers/STM32F4xx_HAL_Driver/Src/stm32f4xx_ll_usb.o
                0x00000000080062a8                USB_ReadPacket
 .text.USB_EPSetStall
                0x0000000008006358       0xdc ./Drivers/STM32F4xx_HAL_Driver/Src/stm32f4xx_ll_usb.o
                0x0000000008006358                USB_EPSetStall
 .text.USB_EPClearStall
                0x0000000008006434       0xcc ./Drivers/STM32F4xx_HAL_Driver/Src/stm32f4xx_ll_usb.o
                0x0000000008006434                USB_EPClearStall
 .text.USB_SetDevAddress
                0x0000000008006500       0x4c ./Drivers/STM32F4xx_HAL_Driver/Src/stm32f4xx_ll_usb.o
                0x0000000008006500                USB_SetDevAddress
 .text.USB_DevConnect
                0x000000000800654c       0x42 ./Drivers/STM32F4xx_HAL_Driver/Src/stm32f4xx_ll_usb.o
                0x000000000800654c                USB_DevConnect
 .text.USB_DevDisconnect
                0x000000000800658e       0x42 ./Drivers/STM32F4xx_HAL_Driver/Src/stm32f4xx_ll_usb.o
                0x000000000800658e                USB_DevDisconnect
 .text.USB_ReadInterrupts
                0x00000000080065d0       0x26 ./Drivers/STM32F4xx_HAL_Driver/Src/stm32f4xx_ll_usb.o
                0x00000000080065d0                USB_ReadInterrupts
 .text.USB_ReadDevAllOutEpInterrupt
                0x00000000080065f6       0x34 ./Drivers/STM32F4xx_HAL_Driver/Src/stm32f4xx_ll_usb.o
                0x00000000080065f6                USB_ReadDevAllOutEpInterrupt
 .text.USB_ReadDevAllInEpInterrupt
                0x000000000800662a       0x34 ./Drivers/STM32F4xx_HAL_Driver/Src/stm32f4xx_ll_usb.o
                0x000000000800662a                USB_ReadDevAllInEpInterrupt
 .text.USB_ReadDevOutEPInterrupt
                0x000000000800665e       0x3c ./Drivers/STM32F4xx_HAL_Driver/Src/stm32f4xx_ll_usb.o
                0x000000000800665e                USB_ReadDevOutEPInterrupt
 .text.USB_ReadDevInEPInterrupt
                0x000000000800669a       0x5c ./Drivers/STM32F4xx_HAL_Driver/Src/stm32f4xx_ll_usb.o
                0x000000000800669a                USB_ReadDevInEPInterrupt
 .text.USB_GetMode
                0x00000000080066f6       0x1c ./Drivers/STM32F4xx_HAL_Driver/Src/stm32f4xx_ll_usb.o
                0x00000000080066f6                USB_GetMode
 .text.USB_ActivateSetup
                0x0000000008006712       0x46 ./Drivers/STM32F4xx_HAL_Driver/Src/stm32f4xx_ll_usb.o
                0x0000000008006712                USB_ActivateSetup
 .text.USB_EP0_OutStart
                0x0000000008006758       0xbc ./Drivers/STM32F4xx_HAL_Driver/Src/stm32f4xx_ll_usb.o
                0x0000000008006758                USB_EP0_OutStart
 .text.USB_CoreReset
                0x0000000008006814       0x68 ./Drivers/STM32F4xx_HAL_Driver/Src/stm32f4xx_ll_usb.o
 .text.USBD_CDC_Init
                0x000000000800687c      0x1f0 ./Middlewares/ST/STM32_USB_Device_Library/Class/CDC/Src/usbd_cdc.o
 .text.USBD_CDC_DeInit
                0x0000000008006a6c      0x104 ./Middlewares/ST/STM32_USB_Device_Library/Class/CDC/Src/usbd_cdc.o
 .text.USBD_CDC_Setup
                0x0000000008006b70      0x1b8 ./Middlewares/ST/STM32_USB_Device_Library/Class/CDC/Src/usbd_cdc.o
 .text.USBD_CDC_DataIn
                0x0000000008006d28       0xfe ./Middlewares/ST/STM32_USB_Device_Library/Class/CDC/Src/usbd_cdc.o
 .text.USBD_CDC_DataOut
                0x0000000008006e26       0x70 ./Middlewares/ST/STM32_USB_Device_Library/Class/CDC/Src/usbd_cdc.o
 .text.USBD_CDC_EP0_RxReady
                0x0000000008006e96       0x76 ./Middlewares/ST/STM32_USB_Device_Library/Class/CDC/Src/usbd_cdc.o
 .text.USBD_CDC_GetFSCfgDesc
                0x0000000008006f0c       0x70 ./Middlewares/ST/STM32_USB_Device_Library/Class/CDC/Src/usbd_cdc.o
 .text.USBD_CDC_GetHSCfgDesc
                0x0000000008006f7c       0x70 ./Middlewares/ST/STM32_USB_Device_Library/Class/CDC/Src/usbd_cdc.o
 .text.USBD_CDC_GetOtherSpeedCfgDesc
                0x0000000008006fec       0x70 ./Middlewares/ST/STM32_USB_Device_Library/Class/CDC/Src/usbd_cdc.o
 .text.USBD_CDC_GetDeviceQualifierDescriptor
                0x000000000800705c       0x20 ./Middlewares/ST/STM32_USB_Device_Library/Class/CDC/Src/usbd_cdc.o
                0x000000000800705c                USBD_CDC_GetDeviceQualifierDescriptor
 .text.USBD_CDC_RegisterInterface
                0x000000000800707c       0x34 ./Middlewares/ST/STM32_USB_Device_Library/Class/CDC/Src/usbd_cdc.o
                0x000000000800707c                USBD_CDC_RegisterInterface
 .text.USBD_CDC_SetTxBuffer
                0x00000000080070b0       0x44 ./Middlewares/ST/STM32_USB_Device_Library/Class/CDC/Src/usbd_cdc.o
                0x00000000080070b0                USBD_CDC_SetTxBuffer
 .text.USBD_CDC_SetRxBuffer
                0x00000000080070f4       0x3a ./Middlewares/ST/STM32_USB_Device_Library/Class/CDC/Src/usbd_cdc.o
                0x00000000080070f4                USBD_CDC_SetRxBuffer
 *fill*         0x000000000800712e        0x2 
 .text.USBD_CDC_ReceivePacket
                0x0000000008007130       0x6c ./Middlewares/ST/STM32_USB_Device_Library/Class/CDC/Src/usbd_cdc.o
                0x0000000008007130                USBD_CDC_ReceivePacket
 .text.USBD_Init
                0x000000000800719c       0x60 ./Middlewares/ST/STM32_USB_Device_Library/Core/Src/usbd_core.o
                0x000000000800719c                USBD_Init
 .text.USBD_RegisterClass
                0x00000000080071fc       0x6c ./Middlewares/ST/STM32_USB_Device_Library/Core/Src/usbd_core.o
                0x00000000080071fc                USBD_RegisterClass
 .text.USBD_Start
                0x0000000008007268       0x18 ./Middlewares/ST/STM32_USB_Device_Library/Core/Src/usbd_core.o
                0x0000000008007268                USBD_Start
 .text.USBD_RunTestMode
                0x0000000008007280       0x16 ./Middlewares/ST/STM32_USB_Device_Library/Core/Src/usbd_core.o
                0x0000000008007280                USBD_RunTestMode
 .text.USBD_SetClassConfig
                0x0000000008007296       0x38 ./Middlewares/ST/STM32_USB_Device_Library/Core/Src/usbd_core.o
                0x0000000008007296                USBD_SetClassConfig
 .text.USBD_ClrClassConfig
                0x00000000080072ce       0x34 ./Middlewares/ST/STM32_USB_Device_Library/Core/Src/usbd_core.o
                0x00000000080072ce                USBD_ClrClassConfig
 .text.USBD_LL_SetupStage
                0x0000000008007302       0xaa ./Middlewares/ST/STM32_USB_Device_Library/Core/Src/usbd_core.o
                0x0000000008007302                USBD_LL_SetupStage
 .text.USBD_LL_DataOutStage
                0x00000000080073ac      0x166 ./Middlewares/ST/STM32_USB_Device_Library/Core/Src/usbd_core.o
                0x00000000080073ac                USBD_LL_DataOutStage
 .text.USBD_LL_DataInStage
                0x0000000008007512      0x164 ./Middlewares/ST/STM32_USB_Device_Library/Core/Src/usbd_core.o
                0x0000000008007512                USBD_LL_DataInStage
 .text.USBD_LL_Reset
                0x0000000008007676       0xa4 ./Middlewares/ST/STM32_USB_Device_Library/Core/Src/usbd_core.o
                0x0000000008007676                USBD_LL_Reset
 .text.USBD_LL_SetSpeed
                0x000000000800771a       0x20 ./Middlewares/ST/STM32_USB_Device_Library/Core/Src/usbd_core.o
                0x000000000800771a                USBD_LL_SetSpeed
 .text.USBD_LL_Suspend
                0x000000000800773a       0x2c ./Middlewares/ST/STM32_USB_Device_Library/Core/Src/usbd_core.o
                0x000000000800773a                USBD_LL_Suspend
 .text.USBD_LL_Resume
                0x0000000008007766       0x30 ./Middlewares/ST/STM32_USB_Device_Library/Core/Src/usbd_core.o
                0x0000000008007766                USBD_LL_Resume
 .text.USBD_LL_SOF
                0x0000000008007796       0x40 ./Middlewares/ST/STM32_USB_Device_Library/Core/Src/usbd_core.o
                0x0000000008007796                USBD_LL_SOF
 .text.USBD_LL_IsoINIncomplete
                0x00000000080077d6       0x64 ./Middlewares/ST/STM32_USB_Device_Library/Core/Src/usbd_core.o
                0x00000000080077d6                USBD_LL_IsoINIncomplete
 .text.USBD_LL_IsoOUTIncomplete
                0x000000000800783a       0x64 ./Middlewares/ST/STM32_USB_Device_Library/Core/Src/usbd_core.o
                0x000000000800783a                USBD_LL_IsoOUTIncomplete
 .text.USBD_LL_DevConnected
                0x000000000800789e       0x16 ./Middlewares/ST/STM32_USB_Device_Library/Core/Src/usbd_core.o
                0x000000000800789e                USBD_LL_DevConnected
 .text.USBD_LL_DevDisconnected
                0x00000000080078b4       0x46 ./Middlewares/ST/STM32_USB_Device_Library/Core/Src/usbd_core.o
                0x00000000080078b4                USBD_LL_DevDisconnected
 .text.USBD_CoreFindIF
                0x00000000080078fa       0x1a ./Middlewares/ST/STM32_USB_Device_Library/Core/Src/usbd_core.o
                0x00000000080078fa                USBD_CoreFindIF
 .text.USBD_CoreFindEP
                0x0000000008007914       0x1a ./Middlewares/ST/STM32_USB_Device_Library/Core/Src/usbd_core.o
                0x0000000008007914                USBD_CoreFindEP
 .text.USBD_GetEpDesc
                0x000000000800792e       0x74 ./Middlewares/ST/STM32_USB_Device_Library/Core/Src/usbd_core.o
                0x000000000800792e                USBD_GetEpDesc
 .text.USBD_GetNextDesc
                0x00000000080079a2       0x3a ./Middlewares/ST/STM32_USB_Device_Library/Core/Src/usbd_core.o
                0x00000000080079a2                USBD_GetNextDesc
 .text.SWAPBYTE
                0x00000000080079dc       0x3c ./Middlewares/ST/STM32_USB_Device_Library/Core/Src/usbd_ctlreq.o
 .text.USBD_StdDevReq
                0x0000000008007a18       0xe4 ./Middlewares/ST/STM32_USB_Device_Library/Core/Src/usbd_ctlreq.o
                0x0000000008007a18                USBD_StdDevReq
 .text.USBD_StdItfReq
                0x0000000008007afc       0xd8 ./Middlewares/ST/STM32_USB_Device_Library/Core/Src/usbd_ctlreq.o
                0x0000000008007afc                USBD_StdItfReq
 .text.USBD_StdEPReq
                0x0000000008007bd4      0x33a ./Middlewares/ST/STM32_USB_Device_Library/Core/Src/usbd_ctlreq.o
                0x0000000008007bd4                USBD_StdEPReq
 *fill*         0x0000000008007f0e        0x2 
 .text.USBD_GetDescriptor
                0x0000000008007f10      0x2d4 ./Middlewares/ST/STM32_USB_Device_Library/Core/Src/usbd_ctlreq.o
 .text.USBD_SetAddress
                0x00000000080081e4       0x88 ./Middlewares/ST/STM32_USB_Device_Library/Core/Src/usbd_ctlreq.o
 .text.USBD_SetConfig
                0x000000000800826c      0x154 ./Middlewares/ST/STM32_USB_Device_Library/Core/Src/usbd_ctlreq.o
 .text.USBD_GetConfig
                0x00000000080083c0       0x6c ./Middlewares/ST/STM32_USB_Device_Library/Core/Src/usbd_ctlreq.o
 .text.USBD_GetStatus
                0x000000000800842c       0x68 ./Middlewares/ST/STM32_USB_Device_Library/Core/Src/usbd_ctlreq.o
 .text.USBD_SetFeature
                0x0000000008008494       0x52 ./Middlewares/ST/STM32_USB_Device_Library/Core/Src/usbd_ctlreq.o
 .text.USBD_ClrFeature
                0x00000000080084e6       0x44 ./Middlewares/ST/STM32_USB_Device_Library/Core/Src/usbd_ctlreq.o
 .text.USBD_ParseSetupRequest
                0x000000000800852a       0x74 ./Middlewares/ST/STM32_USB_Device_Library/Core/Src/usbd_ctlreq.o
                0x000000000800852a                USBD_ParseSetupRequest
 .text.USBD_CtlError
                0x000000000800859e       0x22 ./Middlewares/ST/STM32_USB_Device_Library/Core/Src/usbd_ctlreq.o
                0x000000000800859e                USBD_CtlError
 .text.USBD_GetString
                0x00000000080085c0       0x8c ./Middlewares/ST/STM32_USB_Device_Library/Core/Src/usbd_ctlreq.o
                0x00000000080085c0                USBD_GetString
 .text.USBD_GetLen
                0x000000000800864c       0x34 ./Middlewares/ST/STM32_USB_Device_Library/Core/Src/usbd_ctlreq.o
 .text.USBD_CtlSendData
                0x0000000008008680       0x36 ./Middlewares/ST/STM32_USB_Device_Library/Core/Src/usbd_ioreq.o
                0x0000000008008680                USBD_CtlSendData
 .text.USBD_CtlContinueSendData
                0x00000000080086b6       0x22 ./Middlewares/ST/STM32_USB_Device_Library/Core/Src/usbd_ioreq.o
                0x00000000080086b6                USBD_CtlContinueSendData
 .text.USBD_CtlPrepareRx
                0x00000000080086d8       0x3a ./Middlewares/ST/STM32_USB_Device_Library/Core/Src/usbd_ioreq.o
                0x00000000080086d8                USBD_CtlPrepareRx
 .text.USBD_CtlContinueRx
                0x0000000008008712       0x22 ./Middlewares/ST/STM32_USB_Device_Library/Core/Src/usbd_ioreq.o
                0x0000000008008712                USBD_CtlContinueRx
 .text.USBD_CtlSendStatus
                0x0000000008008734       0x26 ./Middlewares/ST/STM32_USB_Device_Library/Core/Src/usbd_ioreq.o
                0x0000000008008734                USBD_CtlSendStatus
 .text.USBD_CtlReceiveStatus
                0x000000000800875a       0x26 ./Middlewares/ST/STM32_USB_Device_Library/Core/Src/usbd_ioreq.o
                0x000000000800875a                USBD_CtlReceiveStatus
 .text.MX_USB_DEVICE_Init
                0x0000000008008780       0x60 ./USB_DEVICE/App/usb_device.o
                0x0000000008008780                MX_USB_DEVICE_Init
 .text.CDC_Init_FS
                0x00000000080087e0       0x28 ./USB_DEVICE/App/usbd_cdc_if.o
 .text.CDC_DeInit_FS
                0x0000000008008808       0x10 ./USB_DEVICE/App/usbd_cdc_if.o
 .text.CDC_Control_FS
                0x0000000008008818       0xbc ./USB_DEVICE/App/usbd_cdc_if.o
 .text.CDC_Receive_FS
                0x00000000080088d4       0x90 ./USB_DEVICE/App/usbd_cdc_if.o
 .text.CDC_TransmitCplt_FS
                0x0000000008008964       0x22 ./USB_DEVICE/App/usbd_cdc_if.o
 *fill*         0x0000000008008986        0x2 
 .text.USBD_FS_DeviceDescriptor
                0x0000000008008988       0x24 ./USB_DEVICE/App/usbd_desc.o
                0x0000000008008988                USBD_FS_DeviceDescriptor
 .text.USBD_FS_LangIDStrDescriptor
                0x00000000080089ac       0x24 ./USB_DEVICE/App/usbd_desc.o
                0x00000000080089ac                USBD_FS_LangIDStrDescriptor
 .text.USBD_FS_ProductStrDescriptor
                0x00000000080089d0       0x3c ./USB_DEVICE/App/usbd_desc.o
                0x00000000080089d0                USBD_FS_ProductStrDescriptor
 .text.USBD_FS_ManufacturerStrDescriptor
                0x0000000008008a0c       0x28 ./USB_DEVICE/App/usbd_desc.o
                0x0000000008008a0c                USBD_FS_ManufacturerStrDescriptor
 .text.USBD_FS_SerialStrDescriptor
                0x0000000008008a34       0x24 ./USB_DEVICE/App/usbd_desc.o
                0x0000000008008a34                USBD_FS_SerialStrDescriptor
 .text.USBD_FS_ConfigStrDescriptor
                0x0000000008008a58       0x3c ./USB_DEVICE/App/usbd_desc.o
                0x0000000008008a58                USBD_FS_ConfigStrDescriptor
 .text.USBD_FS_InterfaceStrDescriptor
                0x0000000008008a94       0x3c ./USB_DEVICE/App/usbd_desc.o
                0x0000000008008a94                USBD_FS_InterfaceStrDescriptor
 .text.Get_SerialNum
                0x0000000008008ad0       0x58 ./USB_DEVICE/App/usbd_desc.o
 .text.IntToUnicode
                0x0000000008008b28       0x7e ./USB_DEVICE/App/usbd_desc.o
 *fill*         0x0000000008008ba6        0x2 
 .text.HAL_PCD_MspInit
                0x0000000008008ba8       0xc4 ./USB_DEVICE/Target/usbd_conf.o
                0x0000000008008ba8                HAL_PCD_MspInit
 .text.HAL_PCD_SetupStageCallback
                0x0000000008008c6c       0x24 ./USB_DEVICE/Target/usbd_conf.o
                0x0000000008008c6c                HAL_PCD_SetupStageCallback
 .text.HAL_PCD_DataOutStageCallback
                0x0000000008008c90       0x36 ./USB_DEVICE/Target/usbd_conf.o
                0x0000000008008c90                HAL_PCD_DataOutStageCallback
 .text.HAL_PCD_DataInStageCallback
                0x0000000008008cc6       0x34 ./USB_DEVICE/Target/usbd_conf.o
                0x0000000008008cc6                HAL_PCD_DataInStageCallback
 .text.HAL_PCD_SOFCallback
                0x0000000008008cfa       0x1c ./USB_DEVICE/Target/usbd_conf.o
                0x0000000008008cfa                HAL_PCD_SOFCallback
 .text.HAL_PCD_ResetCallback
                0x0000000008008d16       0x50 ./USB_DEVICE/Target/usbd_conf.o
                0x0000000008008d16                HAL_PCD_ResetCallback
 *fill*         0x0000000008008d66        0x2 
 .text.HAL_PCD_SuspendCallback
                0x0000000008008d68       0x4c ./USB_DEVICE/Target/usbd_conf.o
                0x0000000008008d68                HAL_PCD_SuspendCallback
 .text.HAL_PCD_ResumeCallback
                0x0000000008008db4       0x1c ./USB_DEVICE/Target/usbd_conf.o
                0x0000000008008db4                HAL_PCD_ResumeCallback
 .text.HAL_PCD_ISOOUTIncompleteCallback
                0x0000000008008dd0       0x24 ./USB_DEVICE/Target/usbd_conf.o
                0x0000000008008dd0                HAL_PCD_ISOOUTIncompleteCallback
 .text.HAL_PCD_ISOINIncompleteCallback
                0x0000000008008df4       0x24 ./USB_DEVICE/Target/usbd_conf.o
                0x0000000008008df4                HAL_PCD_ISOINIncompleteCallback
 .text.HAL_PCD_ConnectCallback
                0x0000000008008e18       0x1c ./USB_DEVICE/Target/usbd_conf.o
                0x0000000008008e18                HAL_PCD_ConnectCallback
 .text.HAL_PCD_DisconnectCallback
                0x0000000008008e34       0x1c ./USB_DEVICE/Target/usbd_conf.o
                0x0000000008008e34                HAL_PCD_DisconnectCallback
 .text.USBD_LL_Init
                0x0000000008008e50       0x98 ./USB_DEVICE/Target/usbd_conf.o
                0x0000000008008e50                USBD_LL_Init
 .text.USBD_LL_Start
                0x0000000008008ee8       0x36 ./USB_DEVICE/Target/usbd_conf.o
                0x0000000008008ee8                USBD_LL_Start
 .text.USBD_LL_OpenEP
                0x0000000008008f1e       0x4c ./USB_DEVICE/Target/usbd_conf.o
                0x0000000008008f1e                USBD_LL_OpenEP
 .text.USBD_LL_CloseEP
                0x0000000008008f6a       0x3e ./USB_DEVICE/Target/usbd_conf.o
                0x0000000008008f6a                USBD_LL_CloseEP
 .text.USBD_LL_StallEP
                0x0000000008008fa8       0x3e ./USB_DEVICE/Target/usbd_conf.o
                0x0000000008008fa8                USBD_LL_StallEP
 .text.USBD_LL_ClearStallEP
                0x0000000008008fe6       0x3e ./USB_DEVICE/Target/usbd_conf.o
                0x0000000008008fe6                USBD_LL_ClearStallEP
 .text.USBD_LL_IsStallEP
                0x0000000008009024       0x58 ./USB_DEVICE/Target/usbd_conf.o
                0x0000000008009024                USBD_LL_IsStallEP
 .text.USBD_LL_SetUSBAddress
                0x000000000800907c       0x3e ./USB_DEVICE/Target/usbd_conf.o
                0x000000000800907c                USBD_LL_SetUSBAddress
 .text.USBD_LL_Transmit
                0x00000000080090ba       0x42 ./USB_DEVICE/Target/usbd_conf.o
                0x00000000080090ba                USBD_LL_Transmit
 .text.USBD_LL_PrepareReceive
                0x00000000080090fc       0x42 ./USB_DEVICE/Target/usbd_conf.o
                0x00000000080090fc                USBD_LL_PrepareReceive
 .text.USBD_LL_GetRxDataSize
                0x000000000800913e       0x26 ./USB_DEVICE/Target/usbd_conf.o
                0x000000000800913e                USBD_LL_GetRxDataSize
 .text.USBD_static_malloc
                0x0000000008009164       0x1c ./USB_DEVICE/Target/usbd_conf.o
                0x0000000008009164                USBD_static_malloc
 .text.USBD_static_free
                0x0000000008009180       0x14 ./USB_DEVICE/Target/usbd_conf.o
                0x0000000008009180                USBD_static_free
 .text.USBD_Get_USB_Status
                0x0000000008009194       0x58 ./USB_DEVICE/Target/usbd_conf.o
                0x0000000008009194                USBD_Get_USB_Status
 .text.memset   0x00000000080091ec       0x10 C:/ST/STM32CubeIDE_1.11.2/STM32CubeIDE/plugins/com.st.stm32cube.ide.mcu.externaltools.gnu-tools-for-stm32.11.3.rel1.win32_1.1.0.202305231506/tools/bin/../lib/gcc/arm-none-eabi/11.3.1/../../../../arm-none-eabi/lib/thumb/v7e-m+fp/hard\libc_nano.a(libc_a-memset.o)
                0x00000000080091ec                memset
 .text.__libc_init_array
                0x00000000080091fc       0x48 C:/ST/STM32CubeIDE_1.11.2/STM32CubeIDE/plugins/com.st.stm32cube.ide.mcu.externaltools.gnu-tools-for-stm32.11.3.rel1.win32_1.1.0.202305231506/tools/bin/../lib/gcc/arm-none-eabi/11.3.1/../../../../arm-none-eabi/lib/thumb/v7e-m+fp/hard\libc_nano.a(libc_a-init.o)
                0x00000000080091fc                __libc_init_array
 *(.glue_7)
 .glue_7        0x0000000008009244        0x0 linker stubs
 *(.glue_7t)
 .glue_7t       0x0000000008009244        0x0 linker stubs
 *(.eh_frame)
 .eh_frame      0x0000000008009244        0x0 C:/ST/STM32CubeIDE_1.11.2/STM32CubeIDE/plugins/com.st.stm32cube.ide.mcu.externaltools.gnu-tools-for-stm32.11.3.rel1.win32_1.1.0.202305231506/tools/bin/../lib/gcc/arm-none-eabi/11.3.1/thumb/v7e-m+fp/hard/crtbegin.o
 *(.init)
 .init          0x0000000008009244        0x4 C:/ST/STM32CubeIDE_1.11.2/STM32CubeIDE/plugins/com.st.stm32cube.ide.mcu.externaltools.gnu-tools-for-stm32.11.3.rel1.win32_1.1.0.202305231506/tools/bin/../lib/gcc/arm-none-eabi/11.3.1/thumb/v7e-m+fp/hard/crti.o
                0x0000000008009244                _init
 .init          0x0000000008009248        0x8 C:/ST/STM32CubeIDE_1.11.2/STM32CubeIDE/plugins/com.st.stm32cube.ide.mcu.externaltools.gnu-tools-for-stm32.11.3.rel1.win32_1.1.0.202305231506/tools/bin/../lib/gcc/arm-none-eabi/11.3.1/thumb/v7e-m+fp/hard/crtn.o
 *(.fini)
 .fini          0x0000000008009250        0x4 C:/ST/STM32CubeIDE_1.11.2/STM32CubeIDE/plugins/com.st.stm32cube.ide.mcu.externaltools.gnu-tools-for-stm32.11.3.rel1.win32_1.1.0.202305231506/tools/bin/../lib/gcc/arm-none-eabi/11.3.1/thumb/v7e-m+fp/hard/crti.o
                0x0000000008009250                _fini
 .fini          0x0000000008009254        0x8 C:/ST/STM32CubeIDE_1.11.2/STM32CubeIDE/plugins/com.st.stm32cube.ide.mcu.externaltools.gnu-tools-for-stm32.11.3.rel1.win32_1.1.0.202305231506/tools/bin/../lib/gcc/arm-none-eabi/11.3.1/thumb/v7e-m+fp/hard/crtn.o
                0x000000000800925c                . = ALIGN (0x4)
                0x000000000800925c                _etext = .

.vfp11_veneer   0x000000000800925c        0x0
 .vfp11_veneer  0x000000000800925c        0x0 linker stubs

.v4_bx          0x000000000800925c        0x0
 .v4_bx         0x000000000800925c        0x0 linker stubs

.iplt           0x000000000800925c        0x0
 .iplt          0x000000000800925c        0x0 C:/ST/STM32CubeIDE_1.11.2/STM32CubeIDE/plugins/com.st.stm32cube.ide.mcu.externaltools.gnu-tools-for-stm32.11.3.rel1.win32_1.1.0.202305231506/tools/bin/../lib/gcc/arm-none-eabi/11.3.1/thumb/v7e-m+fp/hard/crtbegin.o

.rodata         0x000000000800925c       0x80
                0x000000000800925c                . = ALIGN (0x4)
 *(.rodata)
 .rodata        0x000000000800925c       0x18 ./Core/Src/myMain.o
 .rodata        0x0000000008009274       0x46 ./USB_DEVICE/App/usbd_desc.o
 *(.rodata*)
 *fill*         0x00000000080092ba        0x2 
 .rodata.AHBPrescTable
                0x00000000080092bc       0x10 ./Core/Src/system_stm32f4xx.o
                0x00000000080092bc                AHBPrescTable
 .rodata.APBPrescTable
                0x00000000080092cc        0x8 ./Core/Src/system_stm32f4xx.o
                0x00000000080092cc                APBPrescTable
 .rodata.flagBitshiftOffset.0
                0x00000000080092d4        0x8 ./Drivers/STM32F4xx_HAL_Driver/Src/stm32f4xx_hal_dma.o
                0x00000000080092dc                . = ALIGN (0x4)

.ARM.extab      0x00000000080092dc        0x0
                0x00000000080092dc                . = ALIGN (0x4)
 *(.ARM.extab* .gnu.linkonce.armextab.*)
                0x00000000080092dc                . = ALIGN (0x4)

.ARM            0x00000000080092dc        0x8
                0x00000000080092dc                . = ALIGN (0x4)
                0x00000000080092dc                __exidx_start = .
 *(.ARM.exidx*)
 .ARM.exidx     0x00000000080092dc        0x8 C:/ST/STM32CubeIDE_1.11.2/STM32CubeIDE/plugins/com.st.stm32cube.ide.mcu.externaltools.gnu-tools-for-stm32.11.3.rel1.win32_1.1.0.202305231506/tools/bin/../lib/gcc/arm-none-eabi/11.3.1/thumb/v7e-m+fp/hard\libgcc.a(_udivmoddi4.o)
                0x00000000080092e4                __exidx_end = .
                0x00000000080092e4                . = ALIGN (0x4)

.rel.dyn        0x00000000080092e4        0x0
 .rel.iplt      0x00000000080092e4        0x0 C:/ST/STM32CubeIDE_1.11.2/STM32CubeIDE/plugins/com.st.stm32cube.ide.mcu.externaltools.gnu-tools-for-stm32.11.3.rel1.win32_1.1.0.202305231506/tools/bin/../lib/gcc/arm-none-eabi/11.3.1/thumb/v7e-m+fp/hard/crtbegin.o

.preinit_array  0x00000000080092e4        0x0
                0x00000000080092e4                . = ALIGN (0x4)
                0x00000000080092e4                PROVIDE (__preinit_array_start = .)
 *(.preinit_array*)
                0x00000000080092e4                PROVIDE (__preinit_array_end = .)
                0x00000000080092e4                . = ALIGN (0x4)

.init_array     0x00000000080092e4        0x4
                0x00000000080092e4                . = ALIGN (0x4)
                0x00000000080092e4                PROVIDE (__init_array_start = .)
 *(SORT_BY_NAME(.init_array.*))
 *(.init_array*)
 .init_array    0x00000000080092e4        0x4 C:/ST/STM32CubeIDE_1.11.2/STM32CubeIDE/plugins/com.st.stm32cube.ide.mcu.externaltools.gnu-tools-for-stm32.11.3.rel1.win32_1.1.0.202305231506/tools/bin/../lib/gcc/arm-none-eabi/11.3.1/thumb/v7e-m+fp/hard/crtbegin.o
                0x00000000080092e8                PROVIDE (__init_array_end = .)
                0x00000000080092e8                . = ALIGN (0x4)

.fini_array     0x00000000080092e8        0x4
                0x00000000080092e8                . = ALIGN (0x4)
                [!provide]                        PROVIDE (__fini_array_start = .)
 *(SORT_BY_NAME(.fini_array.*))
 *(.fini_array*)
 .fini_array    0x00000000080092e8        0x4 C:/ST/STM32CubeIDE_1.11.2/STM32CubeIDE/plugins/com.st.stm32cube.ide.mcu.externaltools.gnu-tools-for-stm32.11.3.rel1.win32_1.1.0.202305231506/tools/bin/../lib/gcc/arm-none-eabi/11.3.1/thumb/v7e-m+fp/hard/crtbegin.o
                [!provide]                        PROVIDE (__fini_array_end = .)
                0x00000000080092ec                . = ALIGN (0x4)
                0x00000000080092ec                _sidata = LOADADDR (.data)

.data           0x0000000020000000      0x120 load address 0x00000000080092ec
                0x0000000020000000                . = ALIGN (0x4)
                0x0000000020000000                _sdata = .
 *(.data)
 *(.data*)
 .data.onSpeed  0x0000000020000000        0x4 ./Core/Src/myMain.o
                0x0000000020000000                onSpeed
 .data.xLeftCommand
                0x0000000020000004        0x4 ./Core/Src/myMain.o
                0x0000000020000004                xLeftCommand
 .data.xRightCommand
                0x0000000020000008        0x4 ./Core/Src/myMain.o
                0x0000000020000008                xRightCommand
 .data.xStopCommand
                0x000000002000000c        0x4 ./Core/Src/myMain.o
                0x000000002000000c                xStopCommand
 .data.yUpCommand
                0x0000000020000010        0x4 ./Core/Src/myMain.o
                0x0000000020000010                yUpCommand
 .data.yDownCommand
                0x0000000020000014        0x4 ./Core/Src/myMain.o
                0x0000000020000014                yDownCommand
 .data.yStopCommand
                0x0000000020000018        0x4 ./Core/Src/myMain.o
                0x0000000020000018                yStopCommand
 .data.limitStopped.0
                0x000000002000001c        0x1 ./Core/Src/myMain.o
 *fill*         0x000000002000001d        0x3 
 .data.SystemCoreClock
                0x0000000020000020        0x4 ./Core/Src/system_stm32f4xx.o
                0x0000000020000020                SystemCoreClock
 .data.uwTickPrio
                0x0000000020000024        0x4 ./Drivers/STM32F4xx_HAL_Driver/Src/stm32f4xx_hal.o
                0x0000000020000024                uwTickPrio
 .data.uwTickFreq
                0x0000000020000028        0x1 ./Drivers/STM32F4xx_HAL_Driver/Src/stm32f4xx_hal.o
                0x0000000020000028                uwTickFreq
 *fill*         0x0000000020000029        0x3 
 .data.USBD_CDC_DeviceQualifierDesc
                0x000000002000002c        0xa ./Middlewares/ST/STM32_USB_Device_Library/Class/CDC/Src/usbd_cdc.o
 *fill*         0x0000000020000036        0x2 
 .data.USBD_CDC
                0x0000000020000038       0x38 ./Middlewares/ST/STM32_USB_Device_Library/Class/CDC/Src/usbd_cdc.o
                0x0000000020000038                USBD_CDC
 .data.USBD_CDC_CfgDesc
                0x0000000020000070       0x43 ./Middlewares/ST/STM32_USB_Device_Library/Class/CDC/Src/usbd_cdc.o
 .data.CDCInEpAdd
                0x00000000200000b3        0x1 ./Middlewares/ST/STM32_USB_Device_Library/Class/CDC/Src/usbd_cdc.o
 .data.CDCOutEpAdd
                0x00000000200000b4        0x1 ./Middlewares/ST/STM32_USB_Device_Library/Class/CDC/Src/usbd_cdc.o
 .data.CDCCmdEpAdd
                0x00000000200000b5        0x1 ./Middlewares/ST/STM32_USB_Device_Library/Class/CDC/Src/usbd_cdc.o
 *fill*         0x00000000200000b6        0x2 
 .data.USBD_Interface_fops_FS
                0x00000000200000b8       0x14 ./USB_DEVICE/App/usbd_cdc_if.o
                0x00000000200000b8                USBD_Interface_fops_FS
 .data.lastCharPos.1
                0x00000000200000cc        0x1 ./USB_DEVICE/App/usbd_cdc_if.o
 *fill*         0x00000000200000cd        0x3 
 .data.FS_Desc  0x00000000200000d0       0x1c ./USB_DEVICE/App/usbd_desc.o
                0x00000000200000d0                FS_Desc
 .data.USBD_FS_DeviceDesc
                0x00000000200000ec       0x12 ./USB_DEVICE/App/usbd_desc.o
                0x00000000200000ec                USBD_FS_DeviceDesc
 *fill*         0x00000000200000fe        0x2 
 .data.USBD_LangIDDesc
                0x0000000020000100        0x4 ./USB_DEVICE/App/usbd_desc.o
                0x0000000020000100                USBD_LangIDDesc
 .data.USBD_StringSerial
                0x0000000020000104       0x1a ./USB_DEVICE/App/usbd_desc.o
                0x0000000020000104                USBD_StringSerial
 *(.RamFunc)
 *(.RamFunc*)
                0x0000000020000120                . = ALIGN (0x4)
 *fill*         0x000000002000011e        0x2 
                0x0000000020000120                _edata = .
                0x000000000800940c                _siccmram = LOADADDR (.ccmram)

.igot.plt       0x0000000020000120        0x0 load address 0x000000000800940c
 .igot.plt      0x0000000020000120        0x0 C:/ST/STM32CubeIDE_1.11.2/STM32CubeIDE/plugins/com.st.stm32cube.ide.mcu.externaltools.gnu-tools-for-stm32.11.3.rel1.win32_1.1.0.202305231506/tools/bin/../lib/gcc/arm-none-eabi/11.3.1/thumb/v7e-m+fp/hard/crtbegin.o

.ccmram         0x0000000010000000        0x0 load address 0x000000000800940c
                0x0000000010000000                . = ALIGN (0x4)
                0x0000000010000000                _sccmram = .
 *(.ccmram)
 *(.ccmram*)
                0x0000000010000000                . = ALIGN (0x4)
                0x0000000010000000                _eccmram = .
                0x0000000010000000                . = ALIGN (0x4)

.bss            0x0000000020000120     0x1e58
                0x0000000020000120                _sbss = .
                0x0000000020000120                __bss_start__ = _sbss
 *(.bss)
 .bss           0x0000000020000120       0x1c C:/ST/STM32CubeIDE_1.11.2/STM32CubeIDE/plugins/com.st.stm32cube.ide.mcu.externaltools.gnu-tools-for-stm32.11.3.rel1.win32_1.1.0.202305231506/tools/bin/../lib/gcc/arm-none-eabi/11.3.1/thumb/v7e-m+fp/hard/crtbegin.o
 *(.bss*)
 .bss.hdac      0x000000002000013c       0x14 ./Core/Src/dac.o
                0x000000002000013c                hdac
 .bss.xRotCount
                0x0000000020000150        0x4 ./Core/Src/myMain.o
                0x0000000020000150                xRotCount
 .bss.yRotCount
                0x0000000020000154        0x4 ./Core/Src/myMain.o
                0x0000000020000154                yRotCount
 .bss.p_htim3   0x0000000020000158        0x4 ./Core/Src/myMain.o
                0x0000000020000158                p_htim3
 .bss.p_htim4   0x000000002000015c        0x4 ./Core/Src/myMain.o
                0x000000002000015c                p_htim4
 .bss.p_htim9   0x0000000020000160        0x4 ./Core/Src/myMain.o
                0x0000000020000160                p_htim9
 .bss.p_hdac    0x0000000020000164        0x4 ./Core/Src/myMain.o
                0x0000000020000164                p_hdac
 .bss.xEncoderData
                0x0000000020000168        0xc ./Core/Src/myMain.o
                0x0000000020000168                xEncoderData
 .bss.yEncoderData
                0x0000000020000174        0xc ./Core/Src/myMain.o
                0x0000000020000174                yEncoderData
 .bss.firstUpdate.1
                0x0000000020000180        0x1 ./Core/Src/myMain.o
 *fill*         0x0000000020000181        0x3 
 .bss.hspi2     0x0000000020000184       0x58 ./Core/Src/spi.o
                0x0000000020000184                hspi2
 .bss.htim6     0x00000000200001dc       0x48 ./Core/Src/stm32f4xx_hal_timebase_tim.o
                0x00000000200001dc                htim6
 .bss.htim3     0x0000000020000224       0x48 ./Core/Src/tim.o
                0x0000000020000224                htim3
 .bss.htim4     0x000000002000026c       0x48 ./Core/Src/tim.o
                0x000000002000026c                htim4
 .bss.htim9     0x00000000200002b4       0x48 ./Core/Src/tim.o
                0x00000000200002b4                htim9
 .bss.hdma_tim4_up
                0x00000000200002fc       0x60 ./Core/Src/tim.o
                0x00000000200002fc                hdma_tim4_up
 .bss.uwTick    0x000000002000035c        0x4 ./Drivers/STM32F4xx_HAL_Driver/Src/stm32f4xx_hal.o
                0x000000002000035c                uwTick
 .bss.cfgidx.0  0x0000000020000360        0x1 ./Middlewares/ST/STM32_USB_Device_Library/Core/Src/usbd_ctlreq.o
 *fill*         0x0000000020000361        0x3 
 .bss.hUsbDeviceFS
                0x0000000020000364      0x2dc ./USB_DEVICE/App/usb_device.o
                0x0000000020000364                hUsbDeviceFS
 .bss.UserRxBufferFS
                0x0000000020000640      0x800 ./USB_DEVICE/App/usbd_cdc_if.o
                0x0000000020000640                UserRxBufferFS
 .bss.UserTxBufferFS
                0x0000000020000e40      0x800 ./USB_DEVICE/App/usbd_cdc_if.o
                0x0000000020000e40                UserTxBufferFS
 .bss.charAccumulator.0
                0x0000000020001640        0xa ./USB_DEVICE/App/usbd_cdc_if.o
 *fill*         0x000000002000164a        0x2 
 .bss.USBD_StrDesc
                0x000000002000164c      0x200 ./USB_DEVICE/App/usbd_desc.o
                0x000000002000164c                USBD_StrDesc
 .bss.hpcd_USB_OTG_FS
                0x000000002000184c      0x50c ./USB_DEVICE/Target/usbd_conf.o
                0x000000002000184c                hpcd_USB_OTG_FS
 .bss.mem.0     0x0000000020001d58      0x220 ./USB_DEVICE/Target/usbd_conf.o
 *(COMMON)
                0x0000000020001f78                . = ALIGN (0x4)
                0x0000000020001f78                _ebss = .
                0x0000000020001f78                __bss_end__ = _ebss

._user_heap_stack
                0x0000000020001f78      0xa00
                0x0000000020001f78                . = ALIGN (0x8)
                [!provide]                        PROVIDE (end = .)
                0x0000000020001f78                PROVIDE (_end = .)
                0x0000000020002578                . = (. + _Min_Heap_Size)
 *fill*         0x0000000020001f78      0x600 
                0x0000000020002978                . = (. + _Min_Stack_Size)
 *fill*         0x0000000020002578      0x400 
                0x0000000020002978                . = ALIGN (0x8)

/DISCARD/
 libc.a(*)
 libm.a(*)
 libgcc.a(*)

.ARM.attributes
                0x0000000000000000       0x30
 *(.ARM.attributes)
 .ARM.attributes
                0x0000000000000000       0x1e C:/ST/STM32CubeIDE_1.11.2/STM32CubeIDE/plugins/com.st.stm32cube.ide.mcu.externaltools.gnu-tools-for-stm32.11.3.rel1.win32_1.1.0.202305231506/tools/bin/../lib/gcc/arm-none-eabi/11.3.1/thumb/v7e-m+fp/hard/crti.o
 .ARM.attributes
                0x000000000000001e       0x34 C:/ST/STM32CubeIDE_1.11.2/STM32CubeIDE/plugins/com.st.stm32cube.ide.mcu.externaltools.gnu-tools-for-stm32.11.3.rel1.win32_1.1.0.202305231506/tools/bin/../lib/gcc/arm-none-eabi/11.3.1/thumb/v7e-m+fp/hard/crtbegin.o
 .ARM.attributes
                0x0000000000000052       0x34 ./Core/Src/dac.o
 .ARM.attributes
                0x0000000000000086       0x34 ./Core/Src/dma.o
 .ARM.attributes
                0x00000000000000ba       0x34 ./Core/Src/gpio.o
 .ARM.attributes
                0x00000000000000ee       0x34 ./Core/Src/main.o
 .ARM.attributes
                0x0000000000000122       0x34 ./Core/Src/myMain.o
 .ARM.attributes
                0x0000000000000156       0x34 ./Core/Src/spi.o
 .ARM.attributes
                0x000000000000018a       0x34 ./Core/Src/stm32f4xx_hal_msp.o
 .ARM.attributes
                0x00000000000001be       0x34 ./Core/Src/stm32f4xx_hal_timebase_tim.o
 .ARM.attributes
                0x00000000000001f2       0x34 ./Core/Src/stm32f4xx_it.o
 .ARM.attributes
                0x0000000000000226       0x34 ./Core/Src/system_stm32f4xx.o
 .ARM.attributes
                0x000000000000025a       0x34 ./Core/Src/tim.o
 .ARM.attributes
                0x000000000000028e       0x21 ./Core/Startup/startup_stm32f407vgtx.o
 .ARM.attributes
                0x00000000000002af       0x34 ./Drivers/STM32F4xx_HAL_Driver/Src/stm32f4xx_hal.o
 .ARM.attributes
                0x00000000000002e3       0x34 ./Drivers/STM32F4xx_HAL_Driver/Src/stm32f4xx_hal_cortex.o
 .ARM.attributes
                0x0000000000000317       0x34 ./Drivers/STM32F4xx_HAL_Driver/Src/stm32f4xx_hal_dac.o
 .ARM.attributes
                0x000000000000034b       0x34 ./Drivers/STM32F4xx_HAL_Driver/Src/stm32f4xx_hal_dac_ex.o
 .ARM.attributes
                0x000000000000037f       0x34 ./Drivers/STM32F4xx_HAL_Driver/Src/stm32f4xx_hal_dma.o
 .ARM.attributes
                0x00000000000003b3       0x34 ./Drivers/STM32F4xx_HAL_Driver/Src/stm32f4xx_hal_gpio.o
 .ARM.attributes
                0x00000000000003e7       0x34 ./Drivers/STM32F4xx_HAL_Driver/Src/stm32f4xx_hal_pcd.o
 .ARM.attributes
                0x000000000000041b       0x34 ./Drivers/STM32F4xx_HAL_Driver/Src/stm32f4xx_hal_pcd_ex.o
 .ARM.attributes
                0x000000000000044f       0x34 ./Drivers/STM32F4xx_HAL_Driver/Src/stm32f4xx_hal_rcc.o
 .ARM.attributes
                0x0000000000000483       0x34 ./Drivers/STM32F4xx_HAL_Driver/Src/stm32f4xx_hal_spi.o
 .ARM.attributes
                0x00000000000004b7       0x34 ./Drivers/STM32F4xx_HAL_Driver/Src/stm32f4xx_hal_tim.o
 .ARM.attributes
                0x00000000000004eb       0x34 ./Drivers/STM32F4xx_HAL_Driver/Src/stm32f4xx_hal_tim_ex.o
 .ARM.attributes
                0x000000000000051f       0x34 ./Drivers/STM32F4xx_HAL_Driver/Src/stm32f4xx_ll_usb.o
 .ARM.attributes
                0x0000000000000553       0x34 ./Middlewares/ST/STM32_USB_Device_Library/Class/CDC/Src/usbd_cdc.o
 .ARM.attributes
                0x0000000000000587       0x34 ./Middlewares/ST/STM32_USB_Device_Library/Core/Src/usbd_core.o
 .ARM.attributes
                0x00000000000005bb       0x34 ./Middlewares/ST/STM32_USB_Device_Library/Core/Src/usbd_ctlreq.o
 .ARM.attributes
                0x00000000000005ef       0x34 ./Middlewares/ST/STM32_USB_Device_Library/Core/Src/usbd_ioreq.o
 .ARM.attributes
                0x0000000000000623       0x34 ./USB_DEVICE/App/usb_device.o
 .ARM.attributes
                0x0000000000000657       0x34 ./USB_DEVICE/App/usbd_cdc_if.o
 .ARM.attributes
                0x000000000000068b       0x34 ./USB_DEVICE/App/usbd_desc.o
 .ARM.attributes
                0x00000000000006bf       0x34 ./USB_DEVICE/Target/usbd_conf.o
 .ARM.attributes
                0x00000000000006f3       0x34 C:/ST/STM32CubeIDE_1.11.2/STM32CubeIDE/plugins/com.st.stm32cube.ide.mcu.externaltools.gnu-tools-for-stm32.11.3.rel1.win32_1.1.0.202305231506/tools/bin/../lib/gcc/arm-none-eabi/11.3.1/../../../../arm-none-eabi/lib/thumb/v7e-m+fp/hard\libc_nano.a(libc_a-memset.o)
 .ARM.attributes
                0x0000000000000727       0x34 C:/ST/STM32CubeIDE_1.11.2/STM32CubeIDE/plugins/com.st.stm32cube.ide.mcu.externaltools.gnu-tools-for-stm32.11.3.rel1.win32_1.1.0.202305231506/tools/bin/../lib/gcc/arm-none-eabi/11.3.1/../../../../arm-none-eabi/lib/thumb/v7e-m+fp/hard\libc_nano.a(libc_a-init.o)
 .ARM.attributes
                0x000000000000075b       0x1c C:/ST/STM32CubeIDE_1.11.2/STM32CubeIDE/plugins/com.st.stm32cube.ide.mcu.externaltools.gnu-tools-for-stm32.11.3.rel1.win32_1.1.0.202305231506/tools/bin/../lib/gcc/arm-none-eabi/11.3.1/../../../../arm-none-eabi/lib/thumb/v7e-m+fp/hard\libc_nano.a(libc_a-strcmp.o)
 .ARM.attributes
                0x0000000000000777       0x1e C:/ST/STM32CubeIDE_1.11.2/STM32CubeIDE/plugins/com.st.stm32cube.ide.mcu.externaltools.gnu-tools-for-stm32.11.3.rel1.win32_1.1.0.202305231506/tools/bin/../lib/gcc/arm-none-eabi/11.3.1/thumb/v7e-m+fp/hard\libgcc.a(_aeabi_uldivmod.o)
 .ARM.attributes
                0x0000000000000795       0x34 C:/ST/STM32CubeIDE_1.11.2/STM32CubeIDE/plugins/com.st.stm32cube.ide.mcu.externaltools.gnu-tools-for-stm32.11.3.rel1.win32_1.1.0.202305231506/tools/bin/../lib/gcc/arm-none-eabi/11.3.1/thumb/v7e-m+fp/hard\libgcc.a(_udivmoddi4.o)
 .ARM.attributes
                0x00000000000007c9       0x1e C:/ST/STM32CubeIDE_1.11.2/STM32CubeIDE/plugins/com.st.stm32cube.ide.mcu.externaltools.gnu-tools-for-stm32.11.3.rel1.win32_1.1.0.202305231506/tools/bin/../lib/gcc/arm-none-eabi/11.3.1/thumb/v7e-m+fp/hard\libgcc.a(_dvmd_tls.o)
 .ARM.attributes
                0x00000000000007e7       0x1e C:/ST/STM32CubeIDE_1.11.2/STM32CubeIDE/plugins/com.st.stm32cube.ide.mcu.externaltools.gnu-tools-for-stm32.11.3.rel1.win32_1.1.0.202305231506/tools/bin/../lib/gcc/arm-none-eabi/11.3.1/thumb/v7e-m+fp/hard/crtn.o
OUTPUT(MicroProcessorTestProject.elf elf32-littlearm)
LOAD linker stubs
LOAD C:/ST/STM32CubeIDE_1.11.2/STM32CubeIDE/plugins/com.st.stm32cube.ide.mcu.externaltools.gnu-tools-for-stm32.11.3.rel1.win32_1.1.0.202305231506/tools/bin/../lib/gcc/arm-none-eabi/11.3.1/../../../../arm-none-eabi/lib/thumb/v7e-m+fp/hard\libc.a
LOAD C:/ST/STM32CubeIDE_1.11.2/STM32CubeIDE/plugins/com.st.stm32cube.ide.mcu.externaltools.gnu-tools-for-stm32.11.3.rel1.win32_1.1.0.202305231506/tools/bin/../lib/gcc/arm-none-eabi/11.3.1/../../../../arm-none-eabi/lib/thumb/v7e-m+fp/hard\libm.a
LOAD C:/ST/STM32CubeIDE_1.11.2/STM32CubeIDE/plugins/com.st.stm32cube.ide.mcu.externaltools.gnu-tools-for-stm32.11.3.rel1.win32_1.1.0.202305231506/tools/bin/../lib/gcc/arm-none-eabi/11.3.1/thumb/v7e-m+fp/hard\libgcc.a

.comment        0x0000000000000000       0x43
 .comment       0x0000000000000000       0x43 C:/ST/STM32CubeIDE_1.11.2/STM32CubeIDE/plugins/com.st.stm32cube.ide.mcu.externaltools.gnu-tools-for-stm32.11.3.rel1.win32_1.1.0.202305231506/tools/bin/../lib/gcc/arm-none-eabi/11.3.1/thumb/v7e-m+fp/hard/crtbegin.o
                                         0x44 (size before relaxing)
 .comment       0x0000000000000043       0x44 ./Core/Src/dac.o
 .comment       0x0000000000000043       0x44 ./Core/Src/dma.o
 .comment       0x0000000000000043       0x44 ./Core/Src/gpio.o
 .comment       0x0000000000000043       0x44 ./Core/Src/main.o
 .comment       0x0000000000000043       0x44 ./Core/Src/myMain.o
 .comment       0x0000000000000043       0x44 ./Core/Src/spi.o
 .comment       0x0000000000000043       0x44 ./Core/Src/stm32f4xx_hal_msp.o
 .comment       0x0000000000000043       0x44 ./Core/Src/stm32f4xx_hal_timebase_tim.o
 .comment       0x0000000000000043       0x44 ./Core/Src/stm32f4xx_it.o
 .comment       0x0000000000000043       0x44 ./Core/Src/system_stm32f4xx.o
 .comment       0x0000000000000043       0x44 ./Core/Src/tim.o
 .comment       0x0000000000000043       0x44 ./Drivers/STM32F4xx_HAL_Driver/Src/stm32f4xx_hal.o
 .comment       0x0000000000000043       0x44 ./Drivers/STM32F4xx_HAL_Driver/Src/stm32f4xx_hal_cortex.o
 .comment       0x0000000000000043       0x44 ./Drivers/STM32F4xx_HAL_Driver/Src/stm32f4xx_hal_dac.o
 .comment       0x0000000000000043       0x44 ./Drivers/STM32F4xx_HAL_Driver/Src/stm32f4xx_hal_dac_ex.o
 .comment       0x0000000000000043       0x44 ./Drivers/STM32F4xx_HAL_Driver/Src/stm32f4xx_hal_dma.o
 .comment       0x0000000000000043       0x44 ./Drivers/STM32F4xx_HAL_Driver/Src/stm32f4xx_hal_gpio.o
 .comment       0x0000000000000043       0x44 ./Drivers/STM32F4xx_HAL_Driver/Src/stm32f4xx_hal_pcd.o
 .comment       0x0000000000000043       0x44 ./Drivers/STM32F4xx_HAL_Driver/Src/stm32f4xx_hal_pcd_ex.o
 .comment       0x0000000000000043       0x44 ./Drivers/STM32F4xx_HAL_Driver/Src/stm32f4xx_hal_rcc.o
 .comment       0x0000000000000043       0x44 ./Drivers/STM32F4xx_HAL_Driver/Src/stm32f4xx_hal_spi.o
 .comment       0x0000000000000043       0x44 ./Drivers/STM32F4xx_HAL_Driver/Src/stm32f4xx_hal_tim.o
 .comment       0x0000000000000043       0x44 ./Drivers/STM32F4xx_HAL_Driver/Src/stm32f4xx_hal_tim_ex.o
 .comment       0x0000000000000043       0x44 ./Drivers/STM32F4xx_HAL_Driver/Src/stm32f4xx_ll_usb.o
 .comment       0x0000000000000043       0x44 ./Middlewares/ST/STM32_USB_Device_Library/Class/CDC/Src/usbd_cdc.o
 .comment       0x0000000000000043       0x44 ./Middlewares/ST/STM32_USB_Device_Library/Core/Src/usbd_core.o
 .comment       0x0000000000000043       0x44 ./Middlewares/ST/STM32_USB_Device_Library/Core/Src/usbd_ctlreq.o
 .comment       0x0000000000000043       0x44 ./Middlewares/ST/STM32_USB_Device_Library/Core/Src/usbd_ioreq.o
 .comment       0x0000000000000043       0x44 ./USB_DEVICE/App/usb_device.o
 .comment       0x0000000000000043       0x44 ./USB_DEVICE/App/usbd_cdc_if.o
 .comment       0x0000000000000043       0x44 ./USB_DEVICE/App/usbd_desc.o
 .comment       0x0000000000000043       0x44 ./USB_DEVICE/Target/usbd_conf.o

.debug_info     0x0000000000000000    0x19774
 .debug_info    0x0000000000000000      0xaec ./Core/Src/dac.o
 .debug_info    0x0000000000000aec      0x4ad ./Core/Src/dma.o
 .debug_info    0x0000000000000f99      0x69a ./Core/Src/gpio.o
 .debug_info    0x0000000000001633      0xccb ./Core/Src/main.o
 .debug_info    0x00000000000022fe      0xd50 ./Core/Src/myMain.o
 .debug_info    0x000000000000304e      0x95f ./Core/Src/spi.o
 .debug_info    0x00000000000039ad      0x27c ./Core/Src/stm32f4xx_hal_msp.o
 .debug_info    0x0000000000003c29      0xbee ./Core/Src/stm32f4xx_hal_timebase_tim.o
 .debug_info    0x0000000000004817      0xde9 ./Core/Src/stm32f4xx_it.o
 .debug_info    0x0000000000005600      0x512 ./Core/Src/system_stm32f4xx.o
 .debug_info    0x0000000000005b12      0xf7f ./Core/Src/tim.o
 .debug_info    0x0000000000006a91       0x23 ./Core/Startup/startup_stm32f407vgtx.o
 .debug_info    0x0000000000006ab4      0x948 ./Drivers/STM32F4xx_HAL_Driver/Src/stm32f4xx_hal.o
 .debug_info    0x00000000000073fc      0xd46 ./Drivers/STM32F4xx_HAL_Driver/Src/stm32f4xx_hal_cortex.o
 .debug_info    0x0000000000008142      0x9c0 ./Drivers/STM32F4xx_HAL_Driver/Src/stm32f4xx_hal_dac.o
 .debug_info    0x0000000000008b02      0x746 ./Drivers/STM32F4xx_HAL_Driver/Src/stm32f4xx_hal_dac_ex.o
 .debug_info    0x0000000000009248      0x8e7 ./Drivers/STM32F4xx_HAL_Driver/Src/stm32f4xx_hal_dma.o
 .debug_info    0x0000000000009b2f      0x6c3 ./Drivers/STM32F4xx_HAL_Driver/Src/stm32f4xx_hal_gpio.o
 .debug_info    0x000000000000a1f2     0x1541 ./Drivers/STM32F4xx_HAL_Driver/Src/stm32f4xx_hal_pcd.o
 .debug_info    0x000000000000b733      0x6d2 ./Drivers/STM32F4xx_HAL_Driver/Src/stm32f4xx_hal_pcd_ex.o
 .debug_info    0x000000000000be05      0x8b1 ./Drivers/STM32F4xx_HAL_Driver/Src/stm32f4xx_hal_rcc.o
 .debug_info    0x000000000000c6b6     0x15fb ./Drivers/STM32F4xx_HAL_Driver/Src/stm32f4xx_hal_spi.o
 .debug_info    0x000000000000dcb1     0x2948 ./Drivers/STM32F4xx_HAL_Driver/Src/stm32f4xx_hal_tim.o
 .debug_info    0x00000000000105f9     0x14ae ./Drivers/STM32F4xx_HAL_Driver/Src/stm32f4xx_hal_tim_ex.o
 .debug_info    0x0000000000011aa7     0x18f6 ./Drivers/STM32F4xx_HAL_Driver/Src/stm32f4xx_ll_usb.o
 .debug_info    0x000000000001339d     0x128b ./Middlewares/ST/STM32_USB_Device_Library/Class/CDC/Src/usbd_cdc.o
 .debug_info    0x0000000000014628      0xe05 ./Middlewares/ST/STM32_USB_Device_Library/Core/Src/usbd_core.o
 .debug_info    0x000000000001542d      0xade ./Middlewares/ST/STM32_USB_Device_Library/Core/Src/usbd_ctlreq.o
 .debug_info    0x0000000000015f0b      0x755 ./Middlewares/ST/STM32_USB_Device_Library/Core/Src/usbd_ioreq.o
 .debug_info    0x0000000000016660      0x701 ./USB_DEVICE/App/usb_device.o
 .debug_info    0x0000000000016d61      0x972 ./USB_DEVICE/App/usbd_cdc_if.o
 .debug_info    0x00000000000176d3      0x458 ./USB_DEVICE/App/usbd_desc.o
 .debug_info    0x0000000000017b2b     0x1c49 ./USB_DEVICE/Target/usbd_conf.o

.debug_abbrev   0x0000000000000000     0x45c4
 .debug_abbrev  0x0000000000000000      0x212 ./Core/Src/dac.o
 .debug_abbrev  0x0000000000000212      0x10e ./Core/Src/dma.o
 .debug_abbrev  0x0000000000000320      0x174 ./Core/Src/gpio.o
 .debug_abbrev  0x0000000000000494      0x276 ./Core/Src/main.o
 .debug_abbrev  0x000000000000070a      0x28e ./Core/Src/myMain.o
 .debug_abbrev  0x0000000000000998      0x1f3 ./Core/Src/spi.o
 .debug_abbrev  0x0000000000000b8b       0xf4 ./Core/Src/stm32f4xx_hal_msp.o
 .debug_abbrev  0x0000000000000c7f      0x1f4 ./Core/Src/stm32f4xx_hal_timebase_tim.o
 .debug_abbrev  0x0000000000000e73      0x205 ./Core/Src/stm32f4xx_it.o
 .debug_abbrev  0x0000000000001078      0x11a ./Core/Src/system_stm32f4xx.o
 .debug_abbrev  0x0000000000001192      0x266 ./Core/Src/tim.o
 .debug_abbrev  0x00000000000013f8       0x12 ./Core/Startup/startup_stm32f407vgtx.o
 .debug_abbrev  0x000000000000140a      0x213 ./Drivers/STM32F4xx_HAL_Driver/Src/stm32f4xx_hal.o
 .debug_abbrev  0x000000000000161d      0x327 ./Drivers/STM32F4xx_HAL_Driver/Src/stm32f4xx_hal_cortex.o
 .debug_abbrev  0x0000000000001944      0x1f3 ./Drivers/STM32F4xx_HAL_Driver/Src/stm32f4xx_hal_dac.o
 .debug_abbrev  0x0000000000001b37      0x1e8 ./Drivers/STM32F4xx_HAL_Driver/Src/stm32f4xx_hal_dac_ex.o
 .debug_abbrev  0x0000000000001d1f      0x264 ./Drivers/STM32F4xx_HAL_Driver/Src/stm32f4xx_hal_dma.o
 .debug_abbrev  0x0000000000001f83      0x1d4 ./Drivers/STM32F4xx_HAL_Driver/Src/stm32f4xx_hal_gpio.o
 .debug_abbrev  0x0000000000002157      0x2d0 ./Drivers/STM32F4xx_HAL_Driver/Src/stm32f4xx_hal_pcd.o
 .debug_abbrev  0x0000000000002427      0x1da ./Drivers/STM32F4xx_HAL_Driver/Src/stm32f4xx_hal_pcd_ex.o
 .debug_abbrev  0x0000000000002601      0x2b6 ./Drivers/STM32F4xx_HAL_Driver/Src/stm32f4xx_hal_rcc.o
 .debug_abbrev  0x00000000000028b7      0x284 ./Drivers/STM32F4xx_HAL_Driver/Src/stm32f4xx_hal_spi.o
 .debug_abbrev  0x0000000000002b3b      0x271 ./Drivers/STM32F4xx_HAL_Driver/Src/stm32f4xx_hal_tim.o
 .debug_abbrev  0x0000000000002dac      0x27c ./Drivers/STM32F4xx_HAL_Driver/Src/stm32f4xx_hal_tim_ex.o
 .debug_abbrev  0x0000000000003028      0x2ac ./Drivers/STM32F4xx_HAL_Driver/Src/stm32f4xx_ll_usb.o
 .debug_abbrev  0x00000000000032d4      0x2d2 ./Middlewares/ST/STM32_USB_Device_Library/Class/CDC/Src/usbd_cdc.o
 .debug_abbrev  0x00000000000035a6      0x27c ./Middlewares/ST/STM32_USB_Device_Library/Core/Src/usbd_core.o
 .debug_abbrev  0x0000000000003822      0x26f ./Middlewares/ST/STM32_USB_Device_Library/Core/Src/usbd_ctlreq.o
 .debug_abbrev  0x0000000000003a91      0x19a ./Middlewares/ST/STM32_USB_Device_Library/Core/Src/usbd_ioreq.o
 .debug_abbrev  0x0000000000003c2b      0x195 ./USB_DEVICE/App/usb_device.o
 .debug_abbrev  0x0000000000003dc0      0x2e4 ./USB_DEVICE/App/usbd_cdc_if.o
 .debug_abbrev  0x00000000000040a4      0x1e1 ./USB_DEVICE/App/usbd_desc.o
 .debug_abbrev  0x0000000000004285      0x33f ./USB_DEVICE/Target/usbd_conf.o

.debug_aranges  0x0000000000000000     0x15e8
 .debug_aranges
                0x0000000000000000       0x30 ./Core/Src/dac.o
 .debug_aranges
                0x0000000000000030       0x20 ./Core/Src/dma.o
 .debug_aranges
                0x0000000000000050       0x20 ./Core/Src/gpio.o
 .debug_aranges
                0x0000000000000070       0x38 ./Core/Src/main.o
 .debug_aranges
                0x00000000000000a8       0x80 ./Core/Src/myMain.o
 .debug_aranges
                0x0000000000000128       0x30 ./Core/Src/spi.o
 .debug_aranges
                0x0000000000000158       0x20 ./Core/Src/stm32f4xx_hal_msp.o
 .debug_aranges
                0x0000000000000178       0x30 ./Core/Src/stm32f4xx_hal_timebase_tim.o
 .debug_aranges
                0x00000000000001a8       0xa0 ./Core/Src/stm32f4xx_it.o
 .debug_aranges
                0x0000000000000248       0x28 ./Core/Src/system_stm32f4xx.o
 .debug_aranges
                0x0000000000000270       0x50 ./Core/Src/tim.o
 .debug_aranges
                0x00000000000002c0       0x28 ./Core/Startup/startup_stm32f407vgtx.o
 .debug_aranges
                0x00000000000002e8       0xf0 ./Drivers/STM32F4xx_HAL_Driver/Src/stm32f4xx_hal.o
 .debug_aranges
                0x00000000000003d8      0x118 ./Drivers/STM32F4xx_HAL_Driver/Src/stm32f4xx_hal_cortex.o
 .debug_aranges
                0x00000000000004f0       0xc0 ./Drivers/STM32F4xx_HAL_Driver/Src/stm32f4xx_hal_dac.o
 .debug_aranges
                0x00000000000005b0       0x80 ./Drivers/STM32F4xx_HAL_Driver/Src/stm32f4xx_hal_dac_ex.o
 .debug_aranges
                0x0000000000000630       0x90 ./Drivers/STM32F4xx_HAL_Driver/Src/stm32f4xx_hal_dma.o
 .debug_aranges
                0x00000000000006c0       0x58 ./Drivers/STM32F4xx_HAL_Driver/Src/stm32f4xx_hal_gpio.o
 .debug_aranges
                0x0000000000000718      0x148 ./Drivers/STM32F4xx_HAL_Driver/Src/stm32f4xx_hal_pcd.o
 .debug_aranges
                0x0000000000000860       0x38 ./Drivers/STM32F4xx_HAL_Driver/Src/stm32f4xx_hal_pcd_ex.o
 .debug_aranges
                0x0000000000000898       0x88 ./Drivers/STM32F4xx_HAL_Driver/Src/stm32f4xx_hal_rcc.o
 .debug_aranges
                0x0000000000000920      0x1d0 ./Drivers/STM32F4xx_HAL_Driver/Src/stm32f4xx_hal_spi.o
 .debug_aranges
                0x0000000000000af0      0x3d0 ./Drivers/STM32F4xx_HAL_Driver/Src/stm32f4xx_hal_tim.o
 .debug_aranges
                0x0000000000000ec0      0x168 ./Drivers/STM32F4xx_HAL_Driver/Src/stm32f4xx_hal_tim_ex.o
 .debug_aranges
                0x0000000000001028      0x1a0 ./Drivers/STM32F4xx_HAL_Driver/Src/stm32f4xx_ll_usb.o
 .debug_aranges
                0x00000000000011c8       0x90 ./Middlewares/ST/STM32_USB_Device_Library/Class/CDC/Src/usbd_cdc.o
 .debug_aranges
                0x0000000000001258       0xd8 ./Middlewares/ST/STM32_USB_Device_Library/Core/Src/usbd_core.o
 .debug_aranges
                0x0000000000001330       0x90 ./Middlewares/ST/STM32_USB_Device_Library/Core/Src/usbd_ctlreq.o
 .debug_aranges
                0x00000000000013c0       0x50 ./Middlewares/ST/STM32_USB_Device_Library/Core/Src/usbd_ioreq.o
 .debug_aranges
                0x0000000000001410       0x20 ./USB_DEVICE/App/usb_device.o
 .debug_aranges
                0x0000000000001430       0x48 ./USB_DEVICE/App/usbd_cdc_if.o
 .debug_aranges
                0x0000000000001478       0x60 ./USB_DEVICE/App/usbd_desc.o
 .debug_aranges
                0x00000000000014d8      0x110 ./USB_DEVICE/Target/usbd_conf.o

.debug_rnglists
                0x0000000000000000     0x1098
 .debug_rnglists
                0x0000000000000000       0x20 ./Core/Src/dac.o
 .debug_rnglists
                0x0000000000000020       0x13 ./Core/Src/dma.o
 .debug_rnglists
                0x0000000000000033       0x14 ./Core/Src/gpio.o
 .debug_rnglists
                0x0000000000000047       0x26 ./Core/Src/main.o
 .debug_rnglists
                0x000000000000006d       0x5e ./Core/Src/myMain.o
 .debug_rnglists
                0x00000000000000cb       0x20 ./Core/Src/spi.o
 .debug_rnglists
                0x00000000000000eb       0x13 ./Core/Src/stm32f4xx_hal_msp.o
 .debug_rnglists